Archive member included to satisfy reference by file (symbol)

d:/learningsoftware/stm32cubeide/stm32cubeide/stm32cubeide/plugins/com.st.stm32cube.ide.mcu.externaltools.gnu-tools-for-stm32.7-2018-q2-update.win32_1.4.0.202007081208/tools/bin/../lib/gcc/arm-none-eabi/7.3.1/../../../../arm-none-eabi/lib/thumb/v7-m\libc_nano.a(lib_a-errno.o)
                              Core/Src/retarget.o (__errno)
d:/learningsoftware/stm32cubeide/stm32cubeide/stm32cubeide/plugins/com.st.stm32cube.ide.mcu.externaltools.gnu-tools-for-stm32.7-2018-q2-update.win32_1.4.0.202007081208/tools/bin/../lib/gcc/arm-none-eabi/7.3.1/../../../../arm-none-eabi/lib/thumb/v7-m\libc_nano.a(lib_a-exit.o)
                              d:/learningsoftware/stm32cubeide/stm32cubeide/stm32cubeide/plugins/com.st.stm32cube.ide.mcu.externaltools.gnu-tools-for-stm32.7-2018-q2-update.win32_1.4.0.202007081208/tools/bin/../lib/gcc/arm-none-eabi/7.3.1/../../../../arm-none-eabi/lib/thumb/v7-m/crt0.o (exit)
d:/learningsoftware/stm32cubeide/stm32cubeide/stm32cubeide/plugins/com.st.stm32cube.ide.mcu.externaltools.gnu-tools-for-stm32.7-2018-q2-update.win32_1.4.0.202007081208/tools/bin/../lib/gcc/arm-none-eabi/7.3.1/../../../../arm-none-eabi/lib/thumb/v7-m\libc_nano.a(lib_a-impure.o)
                              d:/learningsoftware/stm32cubeide/stm32cubeide/stm32cubeide/plugins/com.st.stm32cube.ide.mcu.externaltools.gnu-tools-for-stm32.7-2018-q2-update.win32_1.4.0.202007081208/tools/bin/../lib/gcc/arm-none-eabi/7.3.1/../../../../arm-none-eabi/lib/thumb/v7-m\libc_nano.a(lib_a-exit.o) (_global_impure_ptr)
d:/learningsoftware/stm32cubeide/stm32cubeide/stm32cubeide/plugins/com.st.stm32cube.ide.mcu.externaltools.gnu-tools-for-stm32.7-2018-q2-update.win32_1.4.0.202007081208/tools/bin/../lib/gcc/arm-none-eabi/7.3.1/../../../../arm-none-eabi/lib/thumb/v7-m\libc_nano.a(lib_a-init.o)
                              d:/learningsoftware/stm32cubeide/stm32cubeide/stm32cubeide/plugins/com.st.stm32cube.ide.mcu.externaltools.gnu-tools-for-stm32.7-2018-q2-update.win32_1.4.0.202007081208/tools/bin/../lib/gcc/arm-none-eabi/7.3.1/../../../../arm-none-eabi/lib/thumb/v7-m/crt0.o (__libc_init_array)
d:/learningsoftware/stm32cubeide/stm32cubeide/stm32cubeide/plugins/com.st.stm32cube.ide.mcu.externaltools.gnu-tools-for-stm32.7-2018-q2-update.win32_1.4.0.202007081208/tools/bin/../lib/gcc/arm-none-eabi/7.3.1/../../../../arm-none-eabi/lib/thumb/v7-m\libc_nano.a(lib_a-memset.o)
                              d:/learningsoftware/stm32cubeide/stm32cubeide/stm32cubeide/plugins/com.st.stm32cube.ide.mcu.externaltools.gnu-tools-for-stm32.7-2018-q2-update.win32_1.4.0.202007081208/tools/bin/../lib/gcc/arm-none-eabi/7.3.1/../../../../arm-none-eabi/lib/thumb/v7-m/crt0.o (memset)
d:/learningsoftware/stm32cubeide/stm32cubeide/stm32cubeide/plugins/com.st.stm32cube.ide.mcu.externaltools.gnu-tools-for-stm32.7-2018-q2-update.win32_1.4.0.202007081208/tools/bin/../lib/gcc/arm-none-eabi/7.3.1/../../../../arm-none-eabi/lib/thumb/v7-m\libc_nano.a(lib_a-printf.o)
                              Core/Src/main.o (printf)
d:/learningsoftware/stm32cubeide/stm32cubeide/stm32cubeide/plugins/com.st.stm32cube.ide.mcu.externaltools.gnu-tools-for-stm32.7-2018-q2-update.win32_1.4.0.202007081208/tools/bin/../lib/gcc/arm-none-eabi/7.3.1/../../../../arm-none-eabi/lib/thumb/v7-m\libc_nano.a(lib_a-puts.o)
                              Core/Src/main.o (puts)
d:/learningsoftware/stm32cubeide/stm32cubeide/stm32cubeide/plugins/com.st.stm32cube.ide.mcu.externaltools.gnu-tools-for-stm32.7-2018-q2-update.win32_1.4.0.202007081208/tools/bin/../lib/gcc/arm-none-eabi/7.3.1/../../../../arm-none-eabi/lib/thumb/v7-m\libc_nano.a(lib_a-rand.o)
                              Core/Src/myMisc.o (rand)
d:/learningsoftware/stm32cubeide/stm32cubeide/stm32cubeide/plugins/com.st.stm32cube.ide.mcu.externaltools.gnu-tools-for-stm32.7-2018-q2-update.win32_1.4.0.202007081208/tools/bin/../lib/gcc/arm-none-eabi/7.3.1/../../../../arm-none-eabi/lib/thumb/v7-m\libc_nano.a(lib_a-setvbuf.o)
                              Core/Src/retarget.o (setvbuf)
d:/learningsoftware/stm32cubeide/stm32cubeide/stm32cubeide/plugins/com.st.stm32cube.ide.mcu.externaltools.gnu-tools-for-stm32.7-2018-q2-update.win32_1.4.0.202007081208/tools/bin/../lib/gcc/arm-none-eabi/7.3.1/../../../../arm-none-eabi/lib/thumb/v7-m\libc_nano.a(lib_a-strlen.o)
                              Core/Src/myDebug.o (strlen)
d:/learningsoftware/stm32cubeide/stm32cubeide/stm32cubeide/plugins/com.st.stm32cube.ide.mcu.externaltools.gnu-tools-for-stm32.7-2018-q2-update.win32_1.4.0.202007081208/tools/bin/../lib/gcc/arm-none-eabi/7.3.1/../../../../arm-none-eabi/lib/thumb/v7-m\libc_nano.a(lib_a-wbuf.o)
                              d:/learningsoftware/stm32cubeide/stm32cubeide/stm32cubeide/plugins/com.st.stm32cube.ide.mcu.externaltools.gnu-tools-for-stm32.7-2018-q2-update.win32_1.4.0.202007081208/tools/bin/../lib/gcc/arm-none-eabi/7.3.1/../../../../arm-none-eabi/lib/thumb/v7-m\libc_nano.a(lib_a-puts.o) (__swbuf_r)
[...]
Memory Configuration

Name             Origin             Length             Attributes
RAM              0x0000000020000000 0x0000000000005000 xrw
FLASH            0x0000000008000000 0x0000000000010000 xr
*default*        0x0000000000000000 0xffffffffffffffff

Linker script and memory map

LOAD d:/learningsoftware/stm32cubeide/stm32cubeide/stm32cubeide/plugins/com.st.stm32cube.ide.mcu.externaltools.gnu-tools-for-stm32.7-2018-q2-update.win32_1.4.0.202007081208/tools/bin/../lib/gcc/arm-none-eabi/7.3.1/thumb/v7-m/crti.o
LOAD d:/learningsoftware/stm32cubeide/stm32cubeide/stm32cubeide/plugins/com.st.stm32cube.ide.mcu.externaltools.gnu-tools-for-stm32.7-2018-q2-update.win32_1.4.0.202007081208/tools/bin/../lib/gcc/arm-none-eabi/7.3.1/thumb/v7-m/crtbegin.o
LOAD d:/learningsoftware/stm32cubeide/stm32cubeide/stm32cubeide/plugins/com.st.stm32cube.ide.mcu.externaltools.gnu-tools-for-stm32.7-2018-q2-update.win32_1.4.0.202007081208/tools/bin/../lib/gcc/arm-none-eabi/7.3.1/../../../../arm-none-eabi/lib/thumb/v7-m/crt0.o
LOAD Core/Src/adc.o
LOAD Core/Src/dma.o
LOAD Core/Src/gpio.o
LOAD Core/Src/iwdg.o
LOAD Core/Src/main.o
LOAD Core/Src/myDebug.o
LOAD Core/Src/myF103.o
LOAD Core/Src/myMisc.o
LOAD Core/Src/retarget.o
LOAD Core/Src/rtc.o
LOAD Core/Src/stm32f1xx_hal_msp.o
LOAD Core/Src/stm32f1xx_hal_timebase_tim.o
LOAD Core/Src/stm32f1xx_it.o
LOAD Core/Src/sysmem.o
LOAD Core/Src/system_stm32f1xx.o
LOAD Core/Src/tim.o
LOAD Core/Src/usart.o
LOAD Core/Startup/startup_stm32f103c8tx.o
LOAD Drivers/STM32F1xx_HAL_Driver/Src/stm32f1xx_hal.o
LOAD Drivers/STM32F1xx_HAL_Driver/Src/stm32f1xx_hal_adc.o
LOAD Drivers/STM32F1xx_HAL_Driver/Src/stm32f1xx_hal_adc_ex.o
LOAD Drivers/STM32F1xx_HAL_Driver/Src/stm32f1xx_hal_cortex.o
LOAD Drivers/STM32F1xx_HAL_Driver/Src/stm32f1xx_hal_dma.o
LOAD Drivers/STM32F1xx_HAL_Driver/Src/stm32f1xx_hal_exti.o
LOAD Drivers/STM32F1xx_HAL_Driver/Src/stm32f1xx_hal_flash.o
LOAD Drivers/STM32F1xx_HAL_Driver/Src/stm32f1xx_hal_flash_ex.o
LOAD Drivers/STM32F1xx_HAL_Driver/Src/stm32f1xx_hal_gpio.o
LOAD Drivers/STM32F1xx_HAL_Driver/Src/stm32f1xx_hal_gpio_ex.o
LOAD Drivers/STM32F1xx_HAL_Driver/Src/stm32f1xx_hal_iwdg.o
LOAD Drivers/STM32F1xx_HAL_Driver/Src/stm32f1xx_hal_pwr.o
LOAD Drivers/STM32F1xx_HAL_Driver/Src/stm32f1xx_hal_rcc.o
LOAD Drivers/STM32F1xx_HAL_Driver/Src/stm32f1xx_hal_rcc_ex.o
LOAD Drivers/STM32F1xx_HAL_Driver/Src/stm32f1xx_hal_rtc.o
LOAD Drivers/STM32F1xx_HAL_Driver/Src/stm32f1xx_hal_rtc_ex.o
LOAD Drivers/STM32F1xx_HAL_Driver/Src/stm32f1xx_hal_tim.o
LOAD Drivers/STM32F1xx_HAL_Driver/Src/stm32f1xx_hal_tim_ex.o
LOAD Drivers/STM32F1xx_HAL_Driver/Src/stm32f1xx_hal_uart.o
START GROUP
LOAD d:/learningsoftware/stm32cubeide/stm32cubeide/stm32cubeide/plugins/com.st.stm32cube.ide.mcu.externaltools.gnu-tools-for-stm32.7-2018-q2-update.win32_1.4.0.202007081208/tools/bin/../lib/gcc/arm-none-eabi/7.3.1/../../../../arm-none-eabi/lib/thumb/v7-m\libc_nano.a
LOAD d:/learningsoftware/stm32cubeide/stm32cubeide/stm32cubeide/plugins/com.st.stm32cube.ide.mcu.externaltools.gnu-tools-for-stm32.7-2018-q2-update.win32_1.4.0.202007081208/tools/bin/../lib/gcc/arm-none-eabi/7.3.1/../../../../arm-none-eabi/lib/thumb/v7-m\libm.a
END GROUP
START GROUP
LOAD d:/learningsoftware/stm32cubeide/stm32cubeide/stm32cubeide/plugins/com.st.stm32cube.ide.mcu.externaltools.gnu-tools-for-stm32.7-2018-q2-update.win32_1.4.0.202007081208/tools/bin/../lib/gcc/arm-none-eabi/7.3.1/thumb/v7-m\libgcc.a
LOAD d:/learningsoftware/stm32cubeide/stm32cubeide/stm32cubeide/plugins/com.st.stm32cube.ide.mcu.externaltools.gnu-tools-for-stm32.7-2018-q2-update.win32_1.4.0.202007081208/tools/bin/../lib/gcc/arm-none-eabi/7.3.1/../../../../arm-none-eabi/lib/thumb/v7-m\libc_nano.a
END GROUP
START GROUP
LOAD d:/learningsoftware/stm32cubeide/stm32cubeide/stm32cubeide/plugins/com.st.stm32cube.ide.mcu.externaltools.gnu-tools-for-stm32.7-2018-q2-update.win32_1.4.0.202007081208/tools/bin/../lib/gcc/arm-none-eabi/7.3.1/thumb/v7-m\libgcc.a
LOAD d:/learningsoftware/stm32cubeide/stm32cubeide/stm32cubeide/plugins/com.st.stm32cube.ide.mcu.externaltools.gnu-tools-for-stm32.7-2018-q2-update.win32_1.4.0.202007081208/tools/bin/../lib/gcc/arm-none-eabi/7.3.1/../../../../arm-none-eabi/lib/thumb/v7-m\libc_nano.a
LOAD d:/learningsoftware/stm32cubeide/stm32cubeide/stm32cubeide/plugins/com.st.stm32cube.ide.mcu.externaltools.gnu-tools-for-stm32.7-2018-q2-update.win32_1.4.0.202007081208/tools/bin/../lib/gcc/arm-none-eabi/7.3.1/../../../../arm-none-eabi/lib/thumb/v7-m\libnosys.a
END GROUP
START GROUP
LOAD d:/learningsoftware/stm32cubeide/stm32cubeide/stm32cubeide/plugins/com.st.stm32cube.ide.mcu.externaltools.gnu-tools-for-stm32.7-2018-q2-update.win32_1.4.0.202007081208/tools/bin/../lib/gcc/arm-none-eabi/7.3.1/thumb/v7-m\libgcc.a
LOAD d:/learningsoftware/stm32cubeide/stm32cubeide/stm32cubeide/plugins/com.st.stm32cube.ide.mcu.externaltools.gnu-tools-for-stm32.7-2018-q2-update.win32_1.4.0.202007081208/tools/bin/../lib/gcc/arm-none-eabi/7.3.1/../../../../arm-none-eabi/lib/thumb/v7-m\libc_nano.a
LOAD d:/learningsoftware/stm32cubeide/stm32cubeide/stm32cubeide/plugins/com.st.stm32cube.ide.mcu.externaltools.gnu-tools-for-stm32.7-2018-q2-update.win32_1.4.0.202007081208/tools/bin/../lib/gcc/arm-none-eabi/7.3.1/../../../../arm-none-eabi/lib/thumb/v7-m\libnosys.a
END GROUP
LOAD d:/learningsoftware/stm32cubeide/stm32cubeide/stm32cubeide/plugins/com.st.stm32cube.ide.mcu.externaltools.gnu-tools-for-stm32.7-2018-q2-update.win32_1.4.0.202007081208/tools/bin/../lib/gcc/arm-none-eabi/7.3.1/thumb/v7-m/crtend.o
LOAD d:/learningsoftware/stm32cubeide/stm32cubeide/stm32cubeide/plugins/com.st.stm32cube.ide.mcu.externaltools.gnu-tools-for-stm32.7-2018-q2-update.win32_1.4.0.202007081208/tools/bin/../lib/gcc/arm-none-eabi/7.3.1/thumb/v7-m/crtn.o
                0x0000000020005000                _estack = (ORIGIN (RAM) + LENGTH (RAM))
                0x0000000000000200                _Min_Heap_Size = 0x200
                0x0000000000000400                _Min_Stack_Size = 0x400

.isr_vector     0x0000000008000000      0x10c
                0x0000000008000000                . = ALIGN (0x4)
 *(.isr_vector)
 .isr_vector    0x0000000008000000      0x10c Core/Startup/startup_stm32f103c8tx.o
                0x0000000008000000                g_pfnVectors
                0x000000000800010c                . = ALIGN (0x4)

.text           0x000000000800010c     0x5a60
                0x000000000800010c                . = ALIGN (0x4)
 *(.text)
 .text          0x000000000800010c       0x40 d:/learningsoftware/stm32cubeide/stm32cubeide/stm32cubeide/plugins/com.st.stm32cube.ide.mcu.externaltools.gnu-tools-for-stm32.7-2018-q2-update.win32_1.4.0.202007081208/tools/bin/../lib/gcc/arm-none-eabi/7.3.1/thumb/v7-m/crtbegin.o
 .text          0x000000000800014c      0x21c d:/learningsoftware/stm32cubeide/stm32cubeide/stm32cubeide/plugins/com.st.stm32cube.ide.mcu.externaltools.gnu-tools-for-stm32.7-2018-q2-update.win32_1.4.0.202007081208/tools/bin/../lib/gcc/arm-none-eabi/7.3.1/thumb/v7-m\libgcc.a(_arm_addsubsf3.o)
                0x000000000800014c                __aeabi_frsub
                0x0000000008000154                __subsf3
                0x0000000008000154                __aeabi_fsub
                0x0000000008000158                __aeabi_fadd
                0x0000000008000158                __addsf3
                0x00000000080002b8                __aeabi_ui2f
                0x00000000080002b8                __floatunsisf
                0x00000000080002c0                __aeabi_i2f
                0x00000000080002c0                __floatsisf
                0x00000000080002dc                __aeabi_ul2f
                0x00000000080002dc                __floatundisf
                0x00000000080002ec                __aeabi_l2f
                0x00000000080002ec                __floatdisf
 .text          0x0000000008000368      0x2a0 d:/learningsoftware/stm32cubeide/stm32cubeide/stm32cubeide/plugins/com.st.stm32cube.ide.mcu.externaltools.gnu-tools-for-stm32.7-2018-q2-update.win32_1.4.0.202007081208/tools/bin/../lib/gcc/arm-none-eabi/7.3.1/thumb/v7-m\libgcc.a(_arm_muldivsf3.o)
                0x0000000008000368                __mulsf3
                0x0000000008000368                __aeabi_fmul
                0x00000000080004d0                __aeabi_fdiv
                0x00000000080004d0                __divsf3
 .text          0x0000000008000608       0x4c d:/learningsoftware/stm32cubeide/stm32cubeide/stm32cubeide/plugins/com.st.stm32cube.ide.mcu.externaltools.gnu-tools-for-stm32.7-2018-q2-update.win32_1.4.0.202007081208/tools/bin/../lib/gcc/arm-none-eabi/7.3.1/thumb/v7-m\libgcc.a(_arm_fixsfsi.o)
                0x0000000008000608                __aeabi_f2iz
                0x0000000008000608                __fixsfsi
 *(.text*)
 .text.MX_ADC1_Init
                0x0000000008000654       0xbc Core/Src/adc.o
                0x0000000008000654                MX_ADC1_Init
 .text.HAL_ADC_MspInit
                0x0000000008000710       0xd0 Core/Src/adc.o
                0x0000000008000710                HAL_ADC_MspInit
 .text.MX_DMA_Init
                0x00000000080007e0       0x3c Core/Src/dma.o
                0x00000000080007e0                MX_DMA_Init
 .text.MX_GPIO_Init
                0x000000000800081c      0x134 Core/Src/gpio.o
                0x000000000800081c                MX_GPIO_Init
 .text.main     0x0000000008000950      0x154 Core/Src/main.o
                0x0000000008000950                main
 .text.SystemClock_Config
                0x0000000008000aa4       0xc0 Core/Src/main.o
                0x0000000008000aa4                SystemClock_Config
 .text.HAL_GPIO_EXTI_Callback
                0x0000000008000b64      0x18c Core/Src/main.o
                0x0000000008000b64                HAL_GPIO_EXTI_Callback
 .text.motorControl
                0x0000000008000cf0      0x130 Core/Src/main.o
                0x0000000008000cf0                motorControl
 .text.motorHalt
                0x0000000008000e20       0x54 Core/Src/main.o
                0x0000000008000e20                motorHalt
 .text.HAL_TIM_PeriodElapsedCallback
                0x0000000008000e74       0x24 Core/Src/main.o
                0x0000000008000e74                HAL_TIM_PeriodElapsedCallback
 .text.Error_Handler
                0x0000000008000e98        0xc Core/Src/main.o
                0x0000000008000e98                Error_Handler
 .text.resetCauseGet
                0x0000000008000ea4       0x8c Core/Src/myDebug.o
                0x0000000008000ea4                resetCauseGet
 .text.resetCauseGetName
                0x0000000008000f30       0x9c Core/Src/myDebug.o
                0x0000000008000f30                resetCauseGetName
 .text.vIWDG_Init
                0x0000000008000fcc       0x70 Core/Src/myDebug.o
                0x0000000008000fcc                vIWDG_Init
 .text._Error_Handler
                0x000000000800103c       0x1c Core/Src/myDebug.o
                0x000000000800103c                _Error_Handler
 .text.vTimeStamp
                0x0000000008001058       0x94 Core/Src/myDebug.o
                0x0000000008001058                vTimeStamp
 .text.RetargetInit
                0x00000000080010ec       0x30 Core/Src/retarget.o
                0x00000000080010ec                RetargetInit
 .text._isatty  0x000000000800111c       0x2c Core/Src/retarget.o
                0x000000000800111c                _isatty
 .text._write   0x0000000008001148       0x58 Core/Src/retarget.o
                0x0000000008001148                _write
 .text._close   0x00000000080011a0       0x2e Core/Src/retarget.o
                0x00000000080011a0                _close
 .text._lseek   0x00000000080011ce       0x22 Core/Src/retarget.o
                0x00000000080011ce                _lseek
 .text._read    0x00000000080011f0       0x50 Core/Src/retarget.o
                0x00000000080011f0                _read
 .text._fstat   0x0000000008001240       0x36 Core/Src/retarget.o
                0x0000000008001240                _fstat
 *fill*         0x0000000008001276        0x2 
 .text.HAL_MspInit
                0x0000000008001278       0x84 Core/Src/stm32f1xx_hal_msp.o
                0x0000000008001278                HAL_MspInit
 .text.HAL_InitTick
                0x00000000080012fc       0xac Core/Src/stm32f1xx_hal_timebase_tim.o
                0x00000000080012fc                HAL_InitTick
 .text.NMI_Handler
                0x00000000080013a8        0xc Core/Src/stm32f1xx_it.o
                0x00000000080013a8                NMI_Handler
 .text.HardFault_Handler
                0x00000000080013b4        0x6 Core/Src/stm32f1xx_it.o
                0x00000000080013b4                HardFault_Handler
 .text.MemManage_Handler
                0x00000000080013ba        0x6 Core/Src/stm32f1xx_it.o
                0x00000000080013ba                MemManage_Handler
 .text.BusFault_Handler
                0x00000000080013c0        0x6 Core/Src/stm32f1xx_it.o
                0x00000000080013c0                BusFault_Handler
 .text.UsageFault_Handler
                0x00000000080013c6        0x6 Core/Src/stm32f1xx_it.o
                0x00000000080013c6                UsageFault_Handler
 .text.SVC_Handler
                0x00000000080013cc        0xc Core/Src/stm32f1xx_it.o
                0x00000000080013cc                SVC_Handler
 .text.DebugMon_Handler
                0x00000000080013d8        0xc Core/Src/stm32f1xx_it.o
                0x00000000080013d8                DebugMon_Handler
 .text.PendSV_Handler
                0x00000000080013e4        0xc Core/Src/stm32f1xx_it.o
                0x00000000080013e4                PendSV_Handler
 .text.SysTick_Handler
                0x00000000080013f0        0xc Core/Src/stm32f1xx_it.o
                0x00000000080013f0                SysTick_Handler
 .text.PVD_IRQHandler
                0x00000000080013fc        0xc Core/Src/stm32f1xx_it.o
                0x00000000080013fc                PVD_IRQHandler
 .text.RTC_IRQHandler
                0x0000000008001408       0x14 Core/Src/stm32f1xx_it.o
                0x0000000008001408                RTC_IRQHandler
 .text.FLASH_IRQHandler
                0x000000000800141c        0xc Core/Src/stm32f1xx_it.o
                0x000000000800141c                FLASH_IRQHandler
 .text.DMA1_Channel1_IRQHandler
                0x0000000008001428       0x14 Core/Src/stm32f1xx_it.o
                0x0000000008001428                DMA1_Channel1_IRQHandler
 .text.EXTI9_5_IRQHandler
                0x000000000800143c       0x1c Core/Src/stm32f1xx_it.o
                0x000000000800143c                EXTI9_5_IRQHandler
 .text.TIM1_UP_IRQHandler
                0x0000000008001458       0x14 Core/Src/stm32f1xx_it.o
                0x0000000008001458                TIM1_UP_IRQHandler
 .text._sbrk    0x000000000800146c       0x6c Core/Src/sysmem.o
                0x000000000800146c                _sbrk
 .text.SystemInit
                0x00000000080014d8       0x68 Core/Src/system_stm32f1xx.o
                0x00000000080014d8                SystemInit
 .text.MX_TIM3_Init
                0x0000000008001540       0xec Core/Src/tim.o
                0x0000000008001540                MX_TIM3_Init
 .text.MX_TIM4_Init
                0x000000000800162c       0xb0 Core/Src/tim.o
                0x000000000800162c                MX_TIM4_Init
 .text.HAL_TIM_Base_MspInit
                0x00000000080016dc       0x3c Core/Src/tim.o
                0x00000000080016dc                HAL_TIM_Base_MspInit
 .text.HAL_TIM_PWM_MspInit
                0x0000000008001718       0x3c Core/Src/tim.o
                0x0000000008001718                HAL_TIM_PWM_MspInit
 .text.HAL_TIM_MspPostInit
                0x0000000008001754       0xd0 Core/Src/tim.o
                0x0000000008001754                HAL_TIM_MspPostInit
 .text.MX_USART2_UART_Init
                0x0000000008001824       0x54 Core/Src/usart.o
                0x0000000008001824                MX_USART2_UART_Init
 .text.HAL_UART_MspInit
                0x0000000008001878       0x94 Core/Src/usart.o
                0x0000000008001878                HAL_UART_MspInit
 .text.Reset_Handler
                0x000000000800190c       0x48 Core/Startup/startup_stm32f103c8tx.o
                0x000000000800190c                Reset_Handler
 .text.Default_Handler
                0x0000000008001954        0x2 Core/Startup/startup_stm32f103c8tx.o
                0x0000000008001954                RTC_Alarm_IRQHandler
                0x0000000008001954                EXTI2_IRQHandler
                0x0000000008001954                TIM1_CC_IRQHandler
                0x0000000008001954                EXTI3_IRQHandler
                0x0000000008001954                EXTI0_IRQHandler
                0x0000000008001954                I2C2_EV_IRQHandler
                0x0000000008001954                ADC1_2_IRQHandler
                0x0000000008001954                SPI1_IRQHandler
                0x0000000008001954                TAMPER_IRQHandler
                0x0000000008001954                DMA1_Channel4_IRQHandler
                0x0000000008001954                USART3_IRQHandler
                0x0000000008001954                DMA1_Channel7_IRQHandler
                0x0000000008001954                CAN1_RX1_IRQHandler
                0x0000000008001954                TIM4_IRQHandler
                0x0000000008001954                I2C1_EV_IRQHandler
                0x0000000008001954                DMA1_Channel6_IRQHandler
                0x0000000008001954                TIM3_IRQHandler
                0x0000000008001954                RCC_IRQHandler
                0x0000000008001954                TIM1_TRG_COM_IRQHandler
                0x0000000008001954                Default_Handler
                0x0000000008001954                EXTI15_10_IRQHandler
                0x0000000008001954                SPI2_IRQHandler
                0x0000000008001954                DMA1_Channel5_IRQHandler
                0x0000000008001954                EXTI4_IRQHandler
                0x0000000008001954                USB_LP_CAN1_RX0_IRQHandler
                0x0000000008001954                USB_HP_CAN1_TX_IRQHandler
                0x0000000008001954                DMA1_Channel3_IRQHandler
                0x0000000008001954                WWDG_IRQHandler
                0x0000000008001954                TIM2_IRQHandler
                0x0000000008001954                TIM1_BRK_IRQHandler
                0x0000000008001954                EXTI1_IRQHandler
                0x0000000008001954                USART2_IRQHandler
                0x0000000008001954                I2C2_ER_IRQHandler
                0x0000000008001954                DMA1_Channel2_IRQHandler
                0x0000000008001954                CAN1_SCE_IRQHandler
                0x0000000008001954                USART1_IRQHandler
                0x0000000008001954                I2C1_ER_IRQHandler
                0x0000000008001954                USBWakeUp_IRQHandler
 *fill*         0x0000000008001956        0x2 
 .text.HAL_Init
                0x0000000008001958       0x2c Drivers/STM32F1xx_HAL_Driver/Src/stm32f1xx_hal.o
                0x0000000008001958                HAL_Init
 .text.HAL_IncTick
                0x0000000008001984       0x24 Drivers/STM32F1xx_HAL_Driver/Src/stm32f1xx_hal.o
                0x0000000008001984                HAL_IncTick
 .text.HAL_GetTick
                0x00000000080019a8       0x14 Drivers/STM32F1xx_HAL_Driver/Src/stm32f1xx_hal.o
                0x00000000080019a8                HAL_GetTick
 .text.HAL_Delay
                0x00000000080019bc       0x44 Drivers/STM32F1xx_HAL_Driver/Src/stm32f1xx_hal.o
                0x00000000080019bc                HAL_Delay
 .text.HAL_ADC_Init
                0x0000000008001a00      0x1b0 Drivers/STM32F1xx_HAL_Driver/Src/stm32f1xx_hal_adc.o
                0x0000000008001a00                HAL_ADC_Init
 .text.HAL_ADC_Start_DMA
                0x0000000008001bb0      0x1bc Drivers/STM32F1xx_HAL_Driver/Src/stm32f1xx_hal_adc.o
                0x0000000008001bb0                HAL_ADC_Start_DMA
 .text.HAL_ADC_ConvCpltCallback
                0x0000000008001d6c       0x12 Drivers/STM32F1xx_HAL_Driver/Src/stm32f1xx_hal_adc.o
                0x0000000008001d6c                HAL_ADC_ConvCpltCallback
 .text.HAL_ADC_ConvHalfCpltCallback
                0x0000000008001d7e       0x12 Drivers/STM32F1xx_HAL_Driver/Src/stm32f1xx_hal_adc.o
                0x0000000008001d7e                HAL_ADC_ConvHalfCpltCallback
 .text.HAL_ADC_ErrorCallback
                0x0000000008001d90       0x12 Drivers/STM32F1xx_HAL_Driver/Src/stm32f1xx_hal_adc.o
                0x0000000008001d90                HAL_ADC_ErrorCallback
 *fill*         0x0000000008001da2        0x2 
 .text.HAL_ADC_ConfigChannel
                0x0000000008001da4      0x1f0 Drivers/STM32F1xx_HAL_Driver/Src/stm32f1xx_hal_adc.o
                0x0000000008001da4                HAL_ADC_ConfigChannel
 .text.ADC_Enable
                0x0000000008001f94       0xa4 Drivers/STM32F1xx_HAL_Driver/Src/stm32f1xx_hal_adc.o
                0x0000000008001f94                ADC_Enable
 .text.ADC_ConversionStop_Disable
                0x0000000008002038       0x74 Drivers/STM32F1xx_HAL_Driver/Src/stm32f1xx_hal_adc.o
                0x0000000008002038                ADC_ConversionStop_Disable
 .text.ADC_DMAConvCplt
                0x00000000080020ac       0x7c Drivers/STM32F1xx_HAL_Driver/Src/stm32f1xx_hal_adc.o
                0x00000000080020ac                ADC_DMAConvCplt
 .text.ADC_DMAHalfConvCplt
                0x0000000008002128       0x1c Drivers/STM32F1xx_HAL_Driver/Src/stm32f1xx_hal_adc.o
                0x0000000008002128                ADC_DMAHalfConvCplt
 .text.ADC_DMAError
                0x0000000008002144       0x34 Drivers/STM32F1xx_HAL_Driver/Src/stm32f1xx_hal_adc.o
                0x0000000008002144                ADC_DMAError
 .text.__NVIC_SetPriorityGrouping
                0x0000000008002178       0x48 Drivers/STM32F1xx_HAL_Driver/Src/stm32f1xx_hal_cortex.o
 .text.__NVIC_GetPriorityGrouping
                0x00000000080021c0       0x1c Drivers/STM32F1xx_HAL_Driver/Src/stm32f1xx_hal_cortex.o
 .text.__NVIC_EnableIRQ
                0x00000000080021dc       0x38 Drivers/STM32F1xx_HAL_Driver/Src/stm32f1xx_hal_cortex.o
 .text.__NVIC_SetPriority
                0x0000000008002214       0x54 Drivers/STM32F1xx_HAL_Driver/Src/stm32f1xx_hal_cortex.o
 .text.NVIC_EncodePriority
                0x0000000008002268       0x64 Drivers/STM32F1xx_HAL_Driver/Src/stm32f1xx_hal_cortex.o
 .text.HAL_NVIC_SetPriorityGrouping
                0x00000000080022cc       0x16 Drivers/STM32F1xx_HAL_Driver/Src/stm32f1xx_hal_cortex.o
                0x00000000080022cc                HAL_NVIC_SetPriorityGrouping
 .text.HAL_NVIC_SetPriority
                0x00000000080022e2       0x38 Drivers/STM32F1xx_HAL_Driver/Src/stm32f1xx_hal_cortex.o
                0x00000000080022e2                HAL_NVIC_SetPriority
 .text.HAL_NVIC_EnableIRQ
                0x000000000800231a       0x1c Drivers/STM32F1xx_HAL_Driver/Src/stm32f1xx_hal_cortex.o
                0x000000000800231a                HAL_NVIC_EnableIRQ
 *fill*         0x0000000008002336        0x2 
 .text.HAL_DMA_Init
                0x0000000008002338       0xb4 Drivers/STM32F1xx_HAL_Driver/Src/stm32f1xx_hal_dma.o
                0x0000000008002338                HAL_DMA_Init
 .text.HAL_DMA_Start_IT
                0x00000000080023ec       0xbe Drivers/STM32F1xx_HAL_Driver/Src/stm32f1xx_hal_dma.o
                0x00000000080023ec                HAL_DMA_Start_IT
 *fill*         0x00000000080024aa        0x2 
 .text.HAL_DMA_IRQHandler
                0x00000000080024ac      0x20c Drivers/STM32F1xx_HAL_Driver/Src/stm32f1xx_hal_dma.o
                0x00000000080024ac                HAL_DMA_IRQHandler
 .text.DMA_SetConfig
                0x00000000080026b8       0x5a Drivers/STM32F1xx_HAL_Driver/Src/stm32f1xx_hal_dma.o
 *fill*         0x0000000008002712        0x2 
 .text.HAL_FLASH_IRQHandler
                0x0000000008002714      0x1cc Drivers/STM32F1xx_HAL_Driver/Src/stm32f1xx_hal_flash.o
                0x0000000008002714                HAL_FLASH_IRQHandler
 .text.HAL_FLASH_EndOfOperationCallback
                0x00000000080028e0       0x12 Drivers/STM32F1xx_HAL_Driver/Src/stm32f1xx_hal_flash.o
                0x00000000080028e0                HAL_FLASH_EndOfOperationCallback
 .text.HAL_FLASH_OperationErrorCallback
                0x00000000080028f2       0x12 Drivers/STM32F1xx_HAL_Driver/Src/stm32f1xx_hal_flash.o
                0x00000000080028f2                HAL_FLASH_OperationErrorCallback
 .text.FLASH_Program_HalfWord
                0x0000000008002904       0x38 Drivers/STM32F1xx_HAL_Driver/Src/stm32f1xx_hal_flash.o
 .text.FLASH_SetErrorCode
                0x000000000800293c       0xa0 Drivers/STM32F1xx_HAL_Driver/Src/stm32f1xx_hal_flash.o
 .text.FLASH_PageErase
                0x00000000080029dc       0x40 Drivers/STM32F1xx_HAL_Driver/Src/stm32f1xx_hal_flash_ex.o
                0x00000000080029dc                FLASH_PageErase
 .text.HAL_GPIO_Init
                0x0000000008002a1c      0x2b4 Drivers/STM32F1xx_HAL_Driver/Src/stm32f1xx_hal_gpio.o
                0x0000000008002a1c                HAL_GPIO_Init
 .text.HAL_GPIO_ReadPin
                0x0000000008002cd0       0x2e Drivers/STM32F1xx_HAL_Driver/Src/stm32f1xx_hal_gpio.o
                0x0000000008002cd0                HAL_GPIO_ReadPin
 .text.HAL_GPIO_WritePin
                0x0000000008002cfe       0x30 Drivers/STM32F1xx_HAL_Driver/Src/stm32f1xx_hal_gpio.o
                0x0000000008002cfe                HAL_GPIO_WritePin
 .text.HAL_GPIO_TogglePin
                0x0000000008002d2e       0x30 Drivers/STM32F1xx_HAL_Driver/Src/stm32f1xx_hal_gpio.o
                0x0000000008002d2e                HAL_GPIO_TogglePin
 *fill*         0x0000000008002d5e        0x2 
 .text.HAL_GPIO_EXTI_IRQHandler
                0x0000000008002d60       0x30 Drivers/STM32F1xx_HAL_Driver/Src/stm32f1xx_hal_gpio.o
                0x0000000008002d60                HAL_GPIO_EXTI_IRQHandler
 .text.HAL_IWDG_Init
                0x0000000008002d90       0x72 Drivers/STM32F1xx_HAL_Driver/Src/stm32f1xx_hal_iwdg.o
                0x0000000008002d90                HAL_IWDG_Init
 .text.HAL_IWDG_Refresh
                0x0000000008002e02       0x1e Drivers/STM32F1xx_HAL_Driver/Src/stm32f1xx_hal_iwdg.o
                0x0000000008002e02                HAL_IWDG_Refresh
 .text.HAL_PWR_PVD_IRQHandler
                0x0000000008002e20       0x24 Drivers/STM32F1xx_HAL_Driver/Src/stm32f1xx_hal_pwr.o
                0x0000000008002e20                HAL_PWR_PVD_IRQHandler
 .text.HAL_PWR_PVDCallback
                0x0000000008002e44        0xc Drivers/STM32F1xx_HAL_Driver/Src/stm32f1xx_hal_pwr.o
                0x0000000008002e44                HAL_PWR_PVDCallback
 .text.HAL_RCC_OscConfig
                0x0000000008002e50      0x500 Drivers/STM32F1xx_HAL_Driver/Src/stm32f1xx_hal_rcc.o
                0x0000000008002e50                HAL_RCC_OscConfig
 .text.HAL_RCC_ClockConfig
                0x0000000008003350      0x1d4 Drivers/STM32F1xx_HAL_Driver/Src/stm32f1xx_hal_rcc.o
                0x0000000008003350                HAL_RCC_ClockConfig
 .text.HAL_RCC_GetSysClockFreq
                0x0000000008003524       0xc4 Drivers/STM32F1xx_HAL_Driver/Src/stm32f1xx_hal_rcc.o
                0x0000000008003524                HAL_RCC_GetSysClockFreq
 .text.HAL_RCC_GetHCLKFreq
                0x00000000080035e8       0x14 Drivers/STM32F1xx_HAL_Driver/Src/stm32f1xx_hal_rcc.o
                0x00000000080035e8                HAL_RCC_GetHCLKFreq
 .text.HAL_RCC_GetPCLK1Freq
                0x00000000080035fc       0x28 Drivers/STM32F1xx_HAL_Driver/Src/stm32f1xx_hal_rcc.o
                0x00000000080035fc                HAL_RCC_GetPCLK1Freq
 .text.HAL_RCC_GetPCLK2Freq
                0x0000000008003624       0x28 Drivers/STM32F1xx_HAL_Driver/Src/stm32f1xx_hal_rcc.o
                0x0000000008003624                HAL_RCC_GetPCLK2Freq
 .text.HAL_RCC_GetClockConfig
                0x000000000800364c       0x60 Drivers/STM32F1xx_HAL_Driver/Src/stm32f1xx_hal_rcc.o
                0x000000000800364c                HAL_RCC_GetClockConfig
 .text.RCC_Delay
                0x00000000080036ac       0x3c Drivers/STM32F1xx_HAL_Driver/Src/stm32f1xx_hal_rcc.o
 .text.HAL_RCCEx_PeriphCLKConfig
                0x00000000080036e8      0x16c Drivers/STM32F1xx_HAL_Driver/Src/stm32f1xx_hal_rcc_ex.o
                0x00000000080036e8                HAL_RCCEx_PeriphCLKConfig
 .text.HAL_RTCEx_RTCIRQHandler
                0x0000000008003854       0x68 Drivers/STM32F1xx_HAL_Driver/Src/stm32f1xx_hal_rtc_ex.o
                0x0000000008003854                HAL_RTCEx_RTCIRQHandler
 .text.HAL_RTCEx_RTCEventCallback
                0x00000000080038bc       0x12 Drivers/STM32F1xx_HAL_Driver/Src/stm32f1xx_hal_rtc_ex.o
                0x00000000080038bc                HAL_RTCEx_RTCEventCallback
 .text.HAL_RTCEx_RTCEventErrorCallback
                0x00000000080038ce       0x12 Drivers/STM32F1xx_HAL_Driver/Src/stm32f1xx_hal_rtc_ex.o
                0x00000000080038ce                HAL_RTCEx_RTCEventErrorCallback
 .text.HAL_TIM_Base_Init
                0x00000000080038e0       0x56 Drivers/STM32F1xx_HAL_Driver/Src/stm32f1xx_hal_tim.o
                0x00000000080038e0                HAL_TIM_Base_Init
 .text.HAL_TIM_Base_Start_IT
                0x0000000008003936       0x46 Drivers/STM32F1xx_HAL_Driver/Src/stm32f1xx_hal_tim.o
                0x0000000008003936                HAL_TIM_Base_Start_IT
 .text.HAL_TIM_PWM_Init
                0x000000000800397c       0x56 Drivers/STM32F1xx_HAL_Driver/Src/stm32f1xx_hal_tim.o
                0x000000000800397c                HAL_TIM_PWM_Init
 *fill*         0x00000000080039d2        0x2 
 .text.HAL_TIM_PWM_Start
                0x00000000080039d4       0x64 Drivers/STM32F1xx_HAL_Driver/Src/stm32f1xx_hal_tim.o
                0x00000000080039d4                HAL_TIM_PWM_Start
 .text.HAL_TIM_IRQHandler
                0x0000000008003a38      0x210 Drivers/STM32F1xx_HAL_Driver/Src/stm32f1xx_hal_tim.o
                0x0000000008003a38                HAL_TIM_IRQHandler
 .text.HAL_TIM_PWM_ConfigChannel
                0x0000000008003c48      0x18c Drivers/STM32F1xx_HAL_Driver/Src/stm32f1xx_hal_tim.o
                0x0000000008003c48                HAL_TIM_PWM_ConfigChannel
 .text.HAL_TIM_ConfigClockSource
                0x0000000008003dd4      0x16e Drivers/STM32F1xx_HAL_Driver/Src/stm32f1xx_hal_tim.o
                0x0000000008003dd4                HAL_TIM_ConfigClockSource
 .text.HAL_TIM_OC_DelayElapsedCallback
                0x0000000008003f42       0x12 Drivers/STM32F1xx_HAL_Driver/Src/stm32f1xx_hal_tim.o
                0x0000000008003f42                HAL_TIM_OC_DelayElapsedCallback
 .text.HAL_TIM_IC_CaptureCallback
                0x0000000008003f54       0x12 Drivers/STM32F1xx_HAL_Driver/Src/stm32f1xx_hal_tim.o
                0x0000000008003f54                HAL_TIM_IC_CaptureCallback
 .text.HAL_TIM_PWM_PulseFinishedCallback
                0x0000000008003f66       0x12 Drivers/STM32F1xx_HAL_Driver/Src/stm32f1xx_hal_tim.o
                0x0000000008003f66                HAL_TIM_PWM_PulseFinishedCallback
 .text.HAL_TIM_TriggerCallback
                0x0000000008003f78       0x12 Drivers/STM32F1xx_HAL_Driver/Src/stm32f1xx_hal_tim.o
                0x0000000008003f78                HAL_TIM_TriggerCallback
 *fill*         0x0000000008003f8a        0x2 
 .text.TIM_Base_SetConfig
                0x0000000008003f8c       0xc4 Drivers/STM32F1xx_HAL_Driver/Src/stm32f1xx_hal_tim.o
                0x0000000008003f8c                TIM_Base_SetConfig
 .text.TIM_OC1_SetConfig
                0x0000000008004050       0xcc Drivers/STM32F1xx_HAL_Driver/Src/stm32f1xx_hal_tim.o
 .text.TIM_OC2_SetConfig
                0x000000000800411c       0xd4 Drivers/STM32F1xx_HAL_Driver/Src/stm32f1xx_hal_tim.o
                0x000000000800411c                TIM_OC2_SetConfig
 .text.TIM_OC3_SetConfig
                0x00000000080041f0       0xd4 Drivers/STM32F1xx_HAL_Driver/Src/stm32f1xx_hal_tim.o
 .text.TIM_OC4_SetConfig
                0x00000000080042c4       0x9c Drivers/STM32F1xx_HAL_Driver/Src/stm32f1xx_hal_tim.o
 .text.TIM_TI1_ConfigInputStage
                0x0000000008004360       0x5c Drivers/STM32F1xx_HAL_Driver/Src/stm32f1xx_hal_tim.o
 .text.TIM_TI2_ConfigInputStage
                0x00000000080043bc       0x5e Drivers/STM32F1xx_HAL_Driver/Src/stm32f1xx_hal_tim.o
 .text.TIM_ITRx_SetConfig
                0x000000000800441a       0x34 Drivers/STM32F1xx_HAL_Driver/Src/stm32f1xx_hal_tim.o
 .text.TIM_ETR_SetConfig
                0x000000000800444e       0x3e Drivers/STM32F1xx_HAL_Driver/Src/stm32f1xx_hal_tim.o
                0x000000000800444e                TIM_ETR_SetConfig
 .text.TIM_CCxChannelCmd
                0x000000000800448c       0x48 Drivers/STM32F1xx_HAL_Driver/Src/stm32f1xx_hal_tim.o
                0x000000000800448c                TIM_CCxChannelCmd
 .text.HAL_TIMEx_MasterConfigSynchronization
                0x00000000080044d4       0x88 Drivers/STM32F1xx_HAL_Driver/Src/stm32f1xx_hal_tim_ex.o
                0x00000000080044d4                HAL_TIMEx_MasterConfigSynchronization
 .text.HAL_TIMEx_CommutCallback
                0x000000000800455c       0x12 Drivers/STM32F1xx_HAL_Driver/Src/stm32f1xx_hal_tim_ex.o
                0x000000000800455c                HAL_TIMEx_CommutCallback
 .text.HAL_TIMEx_BreakCallback
                0x000000000800456e       0x12 Drivers/STM32F1xx_HAL_Driver/Src/stm32f1xx_hal_tim_ex.o
                0x000000000800456e                HAL_TIMEx_BreakCallback
 .text.HAL_UART_Init
                0x0000000008004580       0x9a Drivers/STM32F1xx_HAL_Driver/Src/stm32f1xx_hal_uart.o
                0x0000000008004580                HAL_UART_Init
 .text.HAL_UART_Transmit
                0x000000000800461a      0x132 Drivers/STM32F1xx_HAL_Driver/Src/stm32f1xx_hal_uart.o
                0x000000000800461a                HAL_UART_Transmit
 .text.HAL_UART_Receive
                0x000000000800474c      0x14c Drivers/STM32F1xx_HAL_Driver/Src/stm32f1xx_hal_uart.o
                0x000000000800474c                HAL_UART_Receive
 .text.UART_WaitOnFlagUntilTimeout
                0x0000000008004898       0x94 Drivers/STM32F1xx_HAL_Driver/Src/stm32f1xx_hal_uart.o
 .text.UART_SetConfig
                0x000000000800492c      0x1b4 Drivers/STM32F1xx_HAL_Driver/Src/stm32f1xx_hal_uart.o
 .text.__errno  0x0000000008004ae0        0xc d:/learningsoftware/stm32cubeide/stm32cubeide/stm32cubeide/plugins/com.st.stm32cube.ide.mcu.externaltools.gnu-tools-for-stm32.7-2018-q2-update.win32_1.4.0.202007081208/tools/bin/../lib/gcc/arm-none-eabi/7.3.1/../../../../arm-none-eabi/lib/thumb/v7-m\libc_nano.a(lib_a-errno.o)
                0x0000000008004ae0                __errno
 .text.__libc_init_array
                0x0000000008004aec       0x48 d:/learningsoftware/stm32cubeide/stm32cubeide/stm32cubeide/plugins/com.st.stm32cube.ide.mcu.externaltools.gnu-tools-for-stm32.7-2018-q2-update.win32_1.4.0.202007081208/tools/bin/../lib/gcc/arm-none-eabi/7.3.1/../../../../arm-none-eabi/lib/thumb/v7-m\libc_nano.a(lib_a-init.o)
                0x0000000008004aec                __libc_init_array
 .text.memset   0x0000000008004b34       0x10 d:/learningsoftware/stm32cubeide/stm32cubeide/stm32cubeide/plugins/com.st.stm32cube.ide.mcu.externaltools.gnu-tools-for-stm32.7-2018-q2-update.win32_1.4.0.202007081208/tools/bin/../lib/gcc/arm-none-eabi/7.3.1/../../../../arm-none-eabi/lib/thumb/v7-m\libc_nano.a(lib_a-memset.o)
                0x0000000008004b34                memset
 .text.printf   0x0000000008004b44       0x30 d:/learningsoftware/stm32cubeide/stm32cubeide/stm32cubeide/plugins/com.st.stm32cube.ide.mcu.externaltools.gnu-tools-for-stm32.7-2018-q2-update.win32_1.4.0.202007081208/tools/bin/../lib/gcc/arm-none-eabi/7.3.1/../../../../arm-none-eabi/lib/thumb/v7-m\libc_nano.a(lib_a-printf.o)
                0x0000000008004b44                iprintf
                0x0000000008004b44                printf
 .text._puts_r  0x0000000008004b74       0xb8 d:/learningsoftware/stm32cubeide/stm32cubeide/stm32cubeide/plugins/com.st.stm32cube.ide.mcu.externaltools.gnu-tools-for-stm32.7-2018-q2-update.win32_1.4.0.202007081208/tools/bin/../lib/gcc/arm-none-eabi/7.3.1/../../../../arm-none-eabi/lib/thumb/v7-m\libc_nano.a(lib_a-puts.o)
                0x0000000008004b74                _puts_r
 .text.puts     0x0000000008004c2c       0x10 d:/learningsoftware/stm32cubeide/stm32cubeide/stm32cubeide/plugins/com.st.stm32cube.ide.mcu.externaltools.gnu-tools-for-stm32.7-2018-q2-update.win32_1.4.0.202007081208/tools/bin/../lib/gcc/arm-none-eabi/7.3.1/../../../../arm-none-eabi/lib/thumb/v7-m\libc_nano.a(lib_a-puts.o)
                0x0000000008004c2c                puts
 .text.setvbuf  0x0000000008004c3c      0x15c d:/learningsoftware/stm32cubeide/stm32cubeide/stm32cubeide/plugins/com.st.stm32cube.ide.mcu.externaltools.gnu-tools-for-stm32.7-2018-q2-update.win32_1.4.0.202007081208/tools/bin/../lib/gcc/arm-none-eabi/7.3.1/../../../../arm-none-eabi/lib/thumb/v7-m\libc_nano.a(lib_a-setvbuf.o)
                0x0000000008004c3c                setvbuf
 .text.__swbuf_r
                0x0000000008004d98       0xa4 d:/learningsoftware/stm32cubeide/stm32cubeide/stm32cubeide/plugins/com.st.stm32cube.ide.mcu.externaltools.gnu-tools-for-stm32.7-2018-q2-update.win32_1.4.0.202007081208/tools/bin/../lib/gcc/arm-none-eabi/7.3.1/../../../../arm-none-eabi/lib/thumb/v7-m\libc_nano.a(lib_a-wbuf.o)
                0x0000000008004d98                __swbuf_r
 .text.__swsetup_r
                0x0000000008004e3c       0xdc d:/learningsoftware/stm32cubeide/stm32cubeide/stm32cubeide/plugins/com.st.stm32cube.ide.mcu.externaltools.gnu-tools-for-stm32.7-2018-q2-update.win32_1.4.0.202007081208/tools/bin/../lib/gcc/arm-none-eabi/7.3.1/../../../../arm-none-eabi/lib/thumb/v7-m\libc_nano.a(lib_a-wsetup.o)
                0x0000000008004e3c                __swsetup_r
 .text.__sflush_r
                0x0000000008004f18      0x10c d:/learningsoftware/stm32cubeide/stm32cubeide/stm32cubeide/plugins/com.st.stm32cube.ide.mcu.externaltools.gnu-tools-for-stm32.7-2018-q2-update.win32_1.4.0.202007081208/tools/bin/../lib/gcc/arm-none-eabi/7.3.1/../../../../arm-none-eabi/lib/thumb/v7-m\libc_nano.a(lib_a-fflush.o)
                0x0000000008004f18                __sflush_r
 .text._fflush_r
                0x0000000008005024       0x54 d:/learningsoftware/stm32cubeide/stm32cubeide/stm32cubeide/plugins/com.st.stm32cube.ide.mcu.externaltools.gnu-tools-for-stm32.7-2018-q2-update.win32_1.4.0.202007081208/tools/bin/../lib/gcc/arm-none-eabi/7.3.1/../../../../arm-none-eabi/lib/thumb/v7-m\libc_nano.a(lib_a-fflush.o)
                0x0000000008005024                _fflush_r
 .text.std      0x0000000008005078       0x48 d:/learningsoftware/stm32cubeide/stm32cubeide/stm32cubeide/plugins/com.st.stm32cube.ide.mcu.externaltools.gnu-tools-for-stm32.7-2018-q2-update.win32_1.4.0.202007081208/tools/bin/../lib/gcc/arm-none-eabi/7.3.1/../../../../arm-none-eabi/lib/thumb/v7-m\libc_nano.a(lib_a-findfp.o)
 .text._cleanup_r
                0x00000000080050c0        0xc d:/learningsoftware/stm32cubeide/stm32cubeide/stm32cubeide/plugins/com.st.stm32cube.ide.mcu.externaltools.gnu-tools-for-stm32.7-2018-q2-update.win32_1.4.0.202007081208/tools/bin/../lib/gcc/arm-none-eabi/7.3.1/../../../../arm-none-eabi/lib/thumb/v7-m\libc_nano.a(lib_a-findfp.o)
                0x00000000080050c0                _cleanup_r
 .text.__sfmoreglue
                0x00000000080050cc       0x2c d:/learningsoftware/stm32cubeide/stm32cubeide/stm32cubeide/plugins/com.st.stm32cube.ide.mcu.externaltools.gnu-tools-for-stm32.7-2018-q2-update.win32_1.4.0.202007081208/tools/bin/../lib/gcc/arm-none-eabi/7.3.1/../../../../arm-none-eabi/lib/thumb/v7-m\libc_nano.a(lib_a-findfp.o)
                0x00000000080050cc                __sfmoreglue
 .text.__sinit  0x00000000080050f8       0x60 d:/learningsoftware/stm32cubeide/stm32cubeide/stm32cubeide/plugins/com.st.stm32cube.ide.mcu.externaltools.gnu-tools-for-stm32.7-2018-q2-update.win32_1.4.0.202007081208/tools/bin/../lib/gcc/arm-none-eabi/7.3.1/../../../../arm-none-eabi/lib/thumb/v7-m\libc_nano.a(lib_a-findfp.o)
                0x00000000080050f8                __sinit
 .text.__sfp    0x0000000008005158       0x78 d:/learningsoftware/stm32cubeide/stm32cubeide/stm32cubeide/plugins/com.st.stm32cube.ide.mcu.externaltools.gnu-tools-for-stm32.7-2018-q2-update.win32_1.4.0.202007081208/tools/bin/../lib/gcc/arm-none-eabi/7.3.1/../../../../arm-none-eabi/lib/thumb/v7-m\libc_nano.a(lib_a-findfp.o)
                0x0000000008005158                __sfp
 .text._fwalk_reent
                0x00000000080051d0       0x3c d:/learningsoftware/stm32cubeide/stm32cubeide/stm32cubeide/plugins/com.st.stm32cube.ide.mcu.externaltools.gnu-tools-for-stm32.7-2018-q2-update.win32_1.4.0.202007081208/tools/bin/../lib/gcc/arm-none-eabi/7.3.1/../../../../arm-none-eabi/lib/thumb/v7-m\libc_nano.a(lib_a-fwalk.o)
                0x00000000080051d0                _fwalk_reent
 .text.__swhatbuf_r
                0x000000000800520c       0x48 d:/learningsoftware/stm32cubeide/stm32cubeide/stm32cubeide/plugins/com.st.stm32cube.ide.mcu.externaltools.gnu-tools-for-stm32.7-2018-q2-update.win32_1.4.0.202007081208/tools/bin/../lib/gcc/arm-none-eabi/7.3.1/../../../../arm-none-eabi/lib/thumb/v7-m\libc_nano.a(lib_a-makebuf.o)
                0x000000000800520c                __swhatbuf_r
 .text.__smakebuf_r
                0x0000000008005254       0x80 d:/learningsoftware/stm32cubeide/stm32cubeide/stm32cubeide/plugins/com.st.stm32cube.ide.mcu.externaltools.gnu-tools-for-stm32.7-2018-q2-update.win32_1.4.0.202007081208/tools/bin/../lib/gcc/arm-none-eabi/7.3.1/../../../../arm-none-eabi/lib/thumb/v7-m\libc_nano.a(lib_a-makebuf.o)
                0x0000000008005254                __smakebuf_r
 .text.malloc   0x00000000080052d4       0x10 d:/learningsoftware/stm32cubeide/stm32cubeide/stm32cubeide/plugins/com.st.stm32cube.ide.mcu.externaltools.gnu-tools-for-stm32.7-2018-q2-update.win32_1.4.0.202007081208/tools/bin/../lib/gcc/arm-none-eabi/7.3.1/../../../../arm-none-eabi/lib/thumb/v7-m\libc_nano.a(lib_a-malloc.o)
                0x00000000080052d4                malloc
 .text._free_r  0x00000000080052e4       0x98 d:/learningsoftware/stm32cubeide/stm32cubeide/stm32cubeide/plugins/com.st.stm32cube.ide.mcu.externaltools.gnu-tools-for-stm32.7-2018-q2-update.win32_1.4.0.202007081208/tools/bin/../lib/gcc/arm-none-eabi/7.3.1/../../../../arm-none-eabi/lib/thumb/v7-m\libc_nano.a(lib_a-nano-freer.o)
                0x00000000080052e4                _free_r
 .text._malloc_r
                0x000000000800537c       0xb4 d:/learningsoftware/stm32cubeide/stm32cubeide/stm32cubeide/plugins/com.st.stm32cube.ide.mcu.externaltools.gnu-tools-for-stm32.7-2018-q2-update.win32_1.4.0.202007081208/tools/bin/../lib/gcc/arm-none-eabi/7.3.1/../../../../arm-none-eabi/lib/thumb/v7-m\libc_nano.a(lib_a-nano-mallocr.o)
                0x000000000800537c                _malloc_r
 .text.__sfputc_r
                0x0000000008005430       0x2a d:/learningsoftware/stm32cubeide/stm32cubeide/stm32cubeide/plugins/com.st.stm32cube.ide.mcu.externaltools.gnu-tools-for-stm32.7-2018-q2-update.win32_1.4.0.202007081208/tools/bin/../lib/gcc/arm-none-eabi/7.3.1/../../../../arm-none-eabi/lib/thumb/v7-m\libc_nano.a(lib_a-nano-vfprintf.o)
 .text.__sfputs_r
                0x000000000800545a       0x24 d:/learningsoftware/stm32cubeide/stm32cubeide/stm32cubeide/plugins/com.st.stm32cube.ide.mcu.externaltools.gnu-tools-for-stm32.7-2018-q2-update.win32_1.4.0.202007081208/tools/bin/../lib/gcc/arm-none-eabi/7.3.1/../../../../arm-none-eabi/lib/thumb/v7-m\libc_nano.a(lib_a-nano-vfprintf.o)
                0x000000000800545a                __sfputs_r
 *fill*         0x000000000800547e        0x2 
 .text._vfprintf_r
                0x0000000008005480      0x22c d:/learningsoftware/stm32cubeide/stm32cubeide/stm32cubeide/plugins/com.st.stm32cube.ide.mcu.externaltools.gnu-tools-for-stm32.7-2018-q2-update.win32_1.4.0.202007081208/tools/bin/../lib/gcc/arm-none-eabi/7.3.1/../../../../arm-none-eabi/lib/thumb/v7-m\libc_nano.a(lib_a-nano-vfprintf.o)
                0x0000000008005480                _vfprintf_r
                0x0000000008005480                _vfiprintf_r
 .text._printf_common
                0x00000000080056ac       0xec d:/learningsoftware/stm32cubeide/stm32cubeide/stm32cubeide/plugins/com.st.stm32cube.ide.mcu.externaltools.gnu-tools-for-stm32.7-2018-q2-update.win32_1.4.0.202007081208/tools/bin/../lib/gcc/arm-none-eabi/7.3.1/../../../../arm-none-eabi/lib/thumb/v7-m\libc_nano.a(lib_a-nano-vfprintf_i.o)
                0x00000000080056ac                _printf_common
 .text._printf_i
                0x0000000008005798      0x224 d:/learningsoftware/stm32cubeide/stm32cubeide/stm32cubeide/plugins/com.st.stm32cube.ide.mcu.externaltools.gnu-tools-for-stm32.7-2018-q2-update.win32_1.4.0.202007081208/tools/bin/../lib/gcc/arm-none-eabi/7.3.1/../../../../arm-none-eabi/lib/thumb/v7-m\libc_nano.a(lib_a-nano-vfprintf_i.o)
                0x0000000008005798                _printf_i
 .text._sbrk_r  0x00000000080059bc       0x20 d:/learningsoftware/stm32cubeide/stm32cubeide/stm32cubeide/plugins/com.st.stm32cube.ide.mcu.externaltools.gnu-tools-for-stm32.7-2018-q2-update.win32_1.4.0.202007081208/tools/bin/../lib/gcc/arm-none-eabi/7.3.1/../../../../arm-none-eabi/lib/thumb/v7-m\libc_nano.a(lib_a-sbrkr.o)
                0x00000000080059bc                _sbrk_r
 .text.__sread  0x00000000080059dc       0x22 d:/learningsoftware/stm32cubeide/stm32cubeide/stm32cubeide/plugins/com.st.stm32cube.ide.mcu.externaltools.gnu-tools-for-stm32.7-2018-q2-update.win32_1.4.0.202007081208/tools/bin/../lib/gcc/arm-none-eabi/7.3.1/../../../../arm-none-eabi/lib/thumb/v7-m\libc_nano.a(lib_a-stdio.o)
                0x00000000080059dc                __sread
 .text.__swrite
                0x00000000080059fe       0x38 d:/learningsoftware/stm32cubeide/stm32cubeide/stm32cubeide/plugins/com.st.stm32cube.ide.mcu.externaltools.gnu-tools-for-stm32.7-2018-q2-update.win32_1.4.0.202007081208/tools/bin/../lib/gcc/arm-none-eabi/7.3.1/../../../../arm-none-eabi/lib/thumb/v7-m\libc_nano.a(lib_a-stdio.o)
                0x00000000080059fe                __swrite
 .text.__sseek  0x0000000008005a36       0x24 d:/learningsoftware/stm32cubeide/stm32cubeide/stm32cubeide/plugins/com.st.stm32cube.ide.mcu.externaltools.gnu-tools-for-stm32.7-2018-q2-update.win32_1.4.0.202007081208/tools/bin/../lib/gcc/arm-none-eabi/7.3.1/../../../../arm-none-eabi/lib/thumb/v7-m\libc_nano.a(lib_a-stdio.o)
                0x0000000008005a36                __sseek
 .text.__sclose
                0x0000000008005a5a        0x8 d:/learningsoftware/stm32cubeide/stm32cubeide/stm32cubeide/plugins/com.st.stm32cube.ide.mcu.externaltools.gnu-tools-for-stm32.7-2018-q2-update.win32_1.4.0.202007081208/tools/bin/../lib/gcc/arm-none-eabi/7.3.1/../../../../arm-none-eabi/lib/thumb/v7-m\libc_nano.a(lib_a-stdio.o)
                0x0000000008005a5a                __sclose
 *fill*         0x0000000008005a62        0x2 
 .text._write_r
                0x0000000008005a64       0x24 d:/learningsoftware/stm32cubeide/stm32cubeide/stm32cubeide/plugins/com.st.stm32cube.ide.mcu.externaltools.gnu-tools-for-stm32.7-2018-q2-update.win32_1.4.0.202007081208/tools/bin/../lib/gcc/arm-none-eabi/7.3.1/../../../../arm-none-eabi/lib/thumb/v7-m\libc_nano.a(lib_a-writer.o)
                0x0000000008005a64                _write_r
 .text._close_r
                0x0000000008005a88       0x20 d:/learningsoftware/stm32cubeide/stm32cubeide/stm32cubeide/plugins/com.st.stm32cube.ide.mcu.externaltools.gnu-tools-for-stm32.7-2018-q2-update.win32_1.4.0.202007081208/tools/bin/../lib/gcc/arm-none-eabi/7.3.1/../../../../arm-none-eabi/lib/thumb/v7-m\libc_nano.a(lib_a-closer.o)
                0x0000000008005a88                _close_r
 .text._fstat_r
                0x0000000008005aa8       0x24 d:/learningsoftware/stm32cubeide/stm32cubeide/stm32cubeide/plugins/com.st.stm32cube.ide.mcu.externaltools.gnu-tools-for-stm32.7-2018-q2-update.win32_1.4.0.202007081208/tools/bin/../lib/gcc/arm-none-eabi/7.3.1/../../../../arm-none-eabi/lib/thumb/v7-m\libc_nano.a(lib_a-fstatr.o)
                0x0000000008005aa8                _fstat_r
 .text._isatty_r
                0x0000000008005acc       0x20 d:/learningsoftware/stm32cubeide/stm32cubeide/stm32cubeide/plugins/com.st.stm32cube.ide.mcu.externaltools.gnu-tools-for-stm32.7-2018-q2-update.win32_1.4.0.202007081208/tools/bin/../lib/gcc/arm-none-eabi/7.3.1/../../../../arm-none-eabi/lib/thumb/v7-m\libc_nano.a(lib_a-isattyr.o)
                0x0000000008005acc                _isatty_r
 .text._lseek_r
                0x0000000008005aec       0x24 d:/learningsoftware/stm32cubeide/stm32cubeide/stm32cubeide/plugins/com.st.stm32cube.ide.mcu.externaltools.gnu-tools-for-stm32.7-2018-q2-update.win32_1.4.0.202007081208/tools/bin/../lib/gcc/arm-none-eabi/7.3.1/../../../../arm-none-eabi/lib/thumb/v7-m\libc_nano.a(lib_a-lseekr.o)
                0x0000000008005aec                _lseek_r
 .text.memchr   0x0000000008005b10       0x1c d:/learningsoftware/stm32cubeide/stm32cubeide/stm32cubeide/plugins/com.st.stm32cube.ide.mcu.externaltools.gnu-tools-for-stm32.7-2018-q2-update.win32_1.4.0.202007081208/tools/bin/../lib/gcc/arm-none-eabi/7.3.1/../../../../arm-none-eabi/lib/thumb/v7-m\libc_nano.a(lib_a-memchr-stub.o)
                0x0000000008005b10                memchr
 .text.__malloc_lock
                0x0000000008005b2c        0x2 d:/learningsoftware/stm32cubeide/stm32cubeide/stm32cubeide/plugins/com.st.stm32cube.ide.mcu.externaltools.gnu-tools-for-stm32.7-2018-q2-update.win32_1.4.0.202007081208/tools/bin/../lib/gcc/arm-none-eabi/7.3.1/../../../../arm-none-eabi/lib/thumb/v7-m\libc_nano.a(lib_a-mlock.o)
                0x0000000008005b2c                __malloc_lock
 .text.__malloc_unlock
                0x0000000008005b2e        0x2 d:/learningsoftware/stm32cubeide/stm32cubeide/stm32cubeide/plugins/com.st.stm32cube.ide.mcu.externaltools.gnu-tools-for-stm32.7-2018-q2-update.win32_1.4.0.202007081208/tools/bin/../lib/gcc/arm-none-eabi/7.3.1/../../../../arm-none-eabi/lib/thumb/v7-m\libc_nano.a(lib_a-mlock.o)
                0x0000000008005b2e                __malloc_unlock
 .text._read_r  0x0000000008005b30       0x24 d:/learningsoftware/stm32cubeide/stm32cubeide/stm32cubeide/plugins/com.st.stm32cube.ide.mcu.externaltools.gnu-tools-for-stm32.7-2018-q2-update.win32_1.4.0.202007081208/tools/bin/../lib/gcc/arm-none-eabi/7.3.1/../../../../arm-none-eabi/lib/thumb/v7-m\libc_nano.a(lib_a-readr.o)
                0x0000000008005b30                _read_r
 *(.glue_7)
 .glue_7        0x0000000008005b54        0x0 linker stubs
 *(.glue_7t)
 .glue_7t       0x0000000008005b54        0x0 linker stubs
 *(.eh_frame)
 .eh_frame      0x0000000008005b54        0x0 d:/learningsoftware/stm32cubeide/stm32cubeide/stm32cubeide/plugins/com.st.stm32cube.ide.mcu.externaltools.gnu-tools-for-stm32.7-2018-q2-update.win32_1.4.0.202007081208/tools/bin/../lib/gcc/arm-none-eabi/7.3.1/thumb/v7-m/crtbegin.o
 *(.init)
 .init          0x0000000008005b54        0x4 d:/learningsoftware/stm32cubeide/stm32cubeide/stm32cubeide/plugins/com.st.stm32cube.ide.mcu.externaltools.gnu-tools-for-stm32.7-2018-q2-update.win32_1.4.0.202007081208/tools/bin/../lib/gcc/arm-none-eabi/7.3.1/thumb/v7-m/crti.o
                0x0000000008005b54                _init
 .init          0x0000000008005b58        0x8 d:/learningsoftware/stm32cubeide/stm32cubeide/stm32cubeide/plugins/com.st.stm32cube.ide.mcu.externaltools.gnu-tools-for-stm32.7-2018-q2-update.win32_1.4.0.202007081208/tools/bin/../lib/gcc/arm-none-eabi/7.3.1/thumb/v7-m/crtn.o
 *(.fini)
 .fini          0x0000000008005b60        0x4 d:/learningsoftware/stm32cubeide/stm32cubeide/stm32cubeide/plugins/com.st.stm32cube.ide.mcu.externaltools.gnu-tools-for-stm32.7-2018-q2-update.win32_1.4.0.202007081208/tools/bin/../lib/gcc/arm-none-eabi/7.3.1/thumb/v7-m/crti.o
                0x0000000008005b60                _fini
 .fini          0x0000000008005b64        0x8 d:/learningsoftware/stm32cubeide/stm32cubeide/stm32cubeide/plugins/com.st.stm32cube.ide.mcu.externaltools.gnu-tools-for-stm32.7-2018-q2-update.win32_1.4.0.202007081208/tools/bin/../lib/gcc/arm-none-eabi/7.3.1/thumb/v7-m/crtn.o
                0x0000000008005b6c                . = ALIGN (0x4)
                0x0000000008005b6c                _etext = .

.vfp11_veneer   0x0000000008005b6c        0x0
 .vfp11_veneer  0x0000000008005b6c        0x0 linker stubs

.v4_bx          0x0000000008005b6c        0x0
 .v4_bx         0x0000000008005b6c        0x0 linker stubs

.iplt           0x0000000008005b6c        0x0
 .iplt          0x0000000008005b6c        0x0 d:/learningsoftware/stm32cubeide/stm32cubeide/stm32cubeide/plugins/com.st.stm32cube.ide.mcu.externaltools.gnu-tools-for-stm32.7-2018-q2-update.win32_1.4.0.202007081208/tools/bin/../lib/gcc/arm-none-eabi/7.3.1/thumb/v7-m/crtbegin.o

.rodata         0x0000000008005b6c      0x39c
                0x0000000008005b6c                . = ALIGN (0x4)
 *(.rodata)
 .rodata        0x0000000008005b6c      0x1c6 Core/Src/main.o
 *fill*         0x0000000008005d32        0x2 
 .rodata        0x0000000008005d34      0x10d Core/Src/myDebug.o
 *fill*         0x0000000008005e41        0x3 
 .rodata        0x0000000008005e44       0x12 Drivers/STM32F1xx_HAL_Driver/Src/stm32f1xx_hal_rcc.o
 *(.rodata*)
 *fill*         0x0000000008005e56        0x2 
 .rodata.AHBPrescTable
                0x0000000008005e58       0x10 Core/Src/system_stm32f1xx.o
                0x0000000008005e58                AHBPrescTable
 .rodata.APBPrescTable
                0x0000000008005e68        0x8 Core/Src/system_stm32f1xx.o
                0x0000000008005e68                APBPrescTable
 .rodata._global_impure_ptr
                0x0000000008005e70        0x4 d:/learningsoftware/stm32cubeide/stm32cubeide/stm32cubeide/plugins/com.st.stm32cube.ide.mcu.externaltools.gnu-tools-for-stm32.7-2018-q2-update.win32_1.4.0.202007081208/tools/bin/../lib/gcc/arm-none-eabi/7.3.1/../../../../arm-none-eabi/lib/thumb/v7-m\libc_nano.a(lib_a-impure.o)
                0x0000000008005e70                _global_impure_ptr
 .rodata.__sf_fake_stderr
                0x0000000008005e74       0x20 d:/learningsoftware/stm32cubeide/stm32cubeide/stm32cubeide/plugins/com.st.stm32cube.ide.mcu.externaltools.gnu-tools-for-stm32.7-2018-q2-update.win32_1.4.0.202007081208/tools/bin/../lib/gcc/arm-none-eabi/7.3.1/../../../../arm-none-eabi/lib/thumb/v7-m\libc_nano.a(lib_a-findfp.o)
                0x0000000008005e74                __sf_fake_stderr
 .rodata.__sf_fake_stdin
                0x0000000008005e94       0x20 d:/learningsoftware/stm32cubeide/stm32cubeide/stm32cubeide/plugins/com.st.stm32cube.ide.mcu.externaltools.gnu-tools-for-stm32.7-2018-q2-update.win32_1.4.0.202007081208/tools/bin/../lib/gcc/arm-none-eabi/7.3.1/../../../../arm-none-eabi/lib/thumb/v7-m\libc_nano.a(lib_a-findfp.o)
                0x0000000008005e94                __sf_fake_stdin
 .rodata.__sf_fake_stdout
                0x0000000008005eb4       0x20 d:/learningsoftware/stm32cubeide/stm32cubeide/stm32cubeide/plugins/com.st.stm32cube.ide.mcu.externaltools.gnu-tools-for-stm32.7-2018-q2-update.win32_1.4.0.202007081208/tools/bin/../lib/gcc/arm-none-eabi/7.3.1/../../../../arm-none-eabi/lib/thumb/v7-m\libc_nano.a(lib_a-findfp.o)
                0x0000000008005eb4                __sf_fake_stdout
 .rodata._vfprintf_r.str1.1
                0x0000000008005ed4       0x11 d:/learningsoftware/stm32cubeide/stm32cubeide/stm32cubeide/plugins/com.st.stm32cube.ide.mcu.externaltools.gnu-tools-for-stm32.7-2018-q2-update.win32_1.4.0.202007081208/tools/bin/../lib/gcc/arm-none-eabi/7.3.1/../../../../arm-none-eabi/lib/thumb/v7-m\libc_nano.a(lib_a-nano-vfprintf.o)
 .rodata._printf_i.str1.1
                0x0000000008005ee5       0x22 d:/learningsoftware/stm32cubeide/stm32cubeide/stm32cubeide/plugins/com.st.stm32cube.ide.mcu.externaltools.gnu-tools-for-stm32.7-2018-q2-update.win32_1.4.0.202007081208/tools/bin/../lib/gcc/arm-none-eabi/7.3.1/../../../../arm-none-eabi/lib/thumb/v7-m\libc_nano.a(lib_a-nano-vfprintf_i.o)
                0x0000000008005f08                . = ALIGN (0x4)
 *fill*         0x0000000008005f07        0x1 

.rel.dyn        0x0000000008005f08        0x0
 .rel.iplt      0x0000000008005f08        0x0 d:/learningsoftware/stm32cubeide/stm32cubeide/stm32cubeide/plugins/com.st.stm32cube.ide.mcu.externaltools.gnu-tools-for-stm32.7-2018-q2-update.win32_1.4.0.202007081208/tools/bin/../lib/gcc/arm-none-eabi/7.3.1/thumb/v7-m/crtbegin.o

.ARM.extab      0x0000000008005f08        0x0
                0x0000000008005f08                . = ALIGN (0x4)
 *(.ARM.extab* .gnu.linkonce.armextab.*)
                0x0000000008005f08                . = ALIGN (0x4)

.ARM            0x0000000008005f08        0x0
                0x0000000008005f08                . = ALIGN (0x4)
                0x0000000008005f08                __exidx_start = .
 *(.ARM.exidx*)
                0x0000000008005f08                __exidx_end = .
                0x0000000008005f08                . = ALIGN (0x4)

.preinit_array  0x0000000008005f08        0x0
                0x0000000008005f08                . = ALIGN (0x4)
                0x0000000008005f08                PROVIDE (__preinit_array_start = .)
 *(.preinit_array*)
                0x0000000008005f08                PROVIDE (__preinit_array_end = .)
                0x0000000008005f08                . = ALIGN (0x4)

.init_array     0x0000000008005f08        0x4
                0x0000000008005f08                . = ALIGN (0x4)
                0x0000000008005f08                PROVIDE (__init_array_start = .)
 *(SORT_BY_NAME(.init_array.*))
 *(.init_array*)
 .init_array    0x0000000008005f08        0x4 d:/learningsoftware/stm32cubeide/stm32cubeide/stm32cubeide/plugins/com.st.stm32cube.ide.mcu.externaltools.gnu-tools-for-stm32.7-2018-q2-update.win32_1.4.0.202007081208/tools/bin/../lib/gcc/arm-none-eabi/7.3.1/thumb/v7-m/crtbegin.o
                0x0000000008005f0c                PROVIDE (__init_array_end = .)
                0x0000000008005f0c                . = ALIGN (0x4)

.fini_array     0x0000000008005f0c        0x4
                0x0000000008005f0c                . = ALIGN (0x4)
                [!provide]                        PROVIDE (__fini_array_start = .)
 *(SORT_BY_NAME(.fini_array.*))
 *(.fini_array*)
 .fini_array    0x0000000008005f0c        0x4 d:/learningsoftware/stm32cubeide/stm32cubeide/stm32cubeide/plugins/com.st.stm32cube.ide.mcu.externaltools.gnu-tools-for-stm32.7-2018-q2-update.win32_1.4.0.202007081208/tools/bin/../lib/gcc/arm-none-eabi/7.3.1/thumb/v7-m/crtbegin.o
                [!provide]                        PROVIDE (__fini_array_end = .)
                0x0000000008005f10                . = ALIGN (0x4)
                0x0000000008005f10                _sidata = LOADADDR (.data)

.data           0x0000000020000000       0x78 load address 0x0000000008005f10
                0x0000000020000000                . = ALIGN (0x4)
                0x0000000020000000                _sdata = .
 *(.data)
 *(.data*)
 .data.rotate_direction
                0x0000000020000000        0x4 Core/Src/main.o
                0x0000000020000000                rotate_direction
 .data.motor_select
                0x0000000020000004        0x4 Core/Src/main.o
                0x0000000020000004                motor_select
 .data.SystemCoreClock
                0x0000000020000008        0x4 Core/Src/system_stm32f1xx.o
                0x0000000020000008                SystemCoreClock
 .data.uwTickPrio
                0x000000002000000c        0x4 Drivers/STM32F1xx_HAL_Driver/Src/stm32f1xx_hal.o
                0x000000002000000c                uwTickPrio
 .data.uwTickFreq
                0x0000000020000010        0x1 Drivers/STM32F1xx_HAL_Driver/Src/stm32f1xx_hal.o
                0x0000000020000010                uwTickFreq
 *fill*         0x0000000020000011        0x3 
 .data._impure_ptr
                0x0000000020000014        0x4 d:/learningsoftware/stm32cubeide/stm32cubeide/stm32cubeide/plugins/com.st.stm32cube.ide.mcu.externaltools.gnu-tools-for-stm32.7-2018-q2-update.win32_1.4.0.202007081208/tools/bin/../lib/gcc/arm-none-eabi/7.3.1/../../../../arm-none-eabi/lib/thumb/v7-m\libc_nano.a(lib_a-impure.o)
                0x0000000020000014                _impure_ptr
 .data.impure_data
                0x0000000020000018       0x60 d:/learningsoftware/stm32cubeide/stm32cubeide/stm32cubeide/plugins/com.st.stm32cube.ide.mcu.externaltools.gnu-tools-for-stm32.7-2018-q2-update.win32_1.4.0.202007081208/tools/bin/../lib/gcc/arm-none-eabi/7.3.1/../../../../arm-none-eabi/lib/thumb/v7-m\libc_nano.a(lib_a-impure.o)
                0x0000000020000078                . = ALIGN (0x4)
                0x0000000020000078                _edata = .

.igot.plt       0x0000000020000078        0x0 load address 0x0000000008005f88
 .igot.plt      0x0000000020000078        0x0 d:/learningsoftware/stm32cubeide/stm32cubeide/stm32cubeide/plugins/com.st.stm32cube.ide.mcu.externaltools.gnu-tools-for-stm32.7-2018-q2-update.win32_1.4.0.202007081208/tools/bin/../lib/gcc/arm-none-eabi/7.3.1/thumb/v7-m/crtbegin.o
                0x0000000020000078                . = ALIGN (0x4)

.bss            0x0000000020000078      0x204 load address 0x0000000008005f88
                0x0000000020000078                _sbss = .
                0x0000000020000078                __bss_start__ = _sbss
 *(.bss)
 .bss           0x0000000020000078       0x1c d:/learningsoftware/stm32cubeide/stm32cubeide/stm32cubeide/plugins/com.st.stm32cube.ide.mcu.externaltools.gnu-tools-for-stm32.7-2018-q2-update.win32_1.4.0.202007081208/tools/bin/../lib/gcc/arm-none-eabi/7.3.1/thumb/v7-m/crtbegin.o
 *(.bss*)
 .bss.speed     0x0000000020000094        0x1 Core/Src/main.o
                0x0000000020000094                speed
 .bss.rotate_state.8154
                0x0000000020000095        0x1 Core/Src/main.o
 .bss.motor_state.8153
                0x0000000020000096        0x1 Core/Src/main.o
 *fill*         0x0000000020000097        0x1 
 .bss.__sbrk_heap_end
                0x0000000020000098        0x4 Core/Src/sysmem.o
 .bss.__malloc_free_list
                0x000000002000009c        0x4 d:/learningsoftware/stm32cubeide/stm32cubeide/stm32cubeide/plugins/com.st.stm32cube.ide.mcu.externaltools.gnu-tools-for-stm32.7-2018-q2-update.win32_1.4.0.202007081208/tools/bin/../lib/gcc/arm-none-eabi/7.3.1/../../../../arm-none-eabi/lib/thumb/v7-m\libc_nano.a(lib_a-nano-mallocr.o)
                0x000000002000009c                __malloc_free_list
 .bss.__malloc_sbrk_start
                0x00000000200000a0        0x4 d:/learningsoftware/stm32cubeide/stm32cubeide/stm32cubeide/plugins/com.st.stm32cube.ide.mcu.externaltools.gnu-tools-for-stm32.7-2018-q2-update.win32_1.4.0.202007081208/tools/bin/../lib/gcc/arm-none-eabi/7.3.1/../../../../arm-none-eabi/lib/thumb/v7-m\libc_nano.a(lib_a-nano-mallocr.o)
                0x00000000200000a0                __malloc_sbrk_start
 *(COMMON)
 COMMON         0x00000000200000a4       0x74 Core/Src/adc.o
                0x00000000200000a4                hadc1
                0x00000000200000d4                hdma_adc1
 COMMON         0x0000000020000118        0xc Core/Src/iwdg.o
                0x0000000020000118                hiwdg
 COMMON         0x0000000020000124       0x12 Core/Src/main.o
                0x0000000020000124                ucGeneralString
                0x0000000020000130                adc1_data_buffer
 *fill*         0x0000000020000136        0x2 
 COMMON         0x0000000020000138        0x4 Core/Src/retarget.o
                0x0000000020000138                gHuart
 COMMON         0x000000002000013c       0x14 Core/Src/rtc.o
                0x000000002000013c                hrtc
 COMMON         0x0000000020000150       0x40 Core/Src/stm32f1xx_hal_timebase_tim.o
                0x0000000020000150                htim1
 COMMON         0x0000000020000190       0x80 Core/Src/tim.o
                0x0000000020000190                htim4
                0x00000000200001d0                htim3
 COMMON         0x0000000020000210       0x40 Core/Src/usart.o
                0x0000000020000210                huart2
 COMMON         0x0000000020000250        0x4 Drivers/STM32F1xx_HAL_Driver/Src/stm32f1xx_hal.o
                0x0000000020000250                uwTick
 *fill*         0x0000000020000254        0x4 
 COMMON         0x0000000020000258       0x20 Drivers/STM32F1xx_HAL_Driver/Src/stm32f1xx_hal_flash.o
                0x0000000020000258                pFlash
 COMMON         0x0000000020000278        0x4 d:/learningsoftware/stm32cubeide/stm32cubeide/stm32cubeide/plugins/com.st.stm32cube.ide.mcu.externaltools.gnu-tools-for-stm32.7-2018-q2-update.win32_1.4.0.202007081208/tools/bin/../lib/gcc/arm-none-eabi/7.3.1/../../../../arm-none-eabi/lib/thumb/v7-m\libc_nano.a(lib_a-reent.o)
                0x0000000020000278                errno
                0x000000002000027c                . = ALIGN (0x4)
                0x000000002000027c                _ebss = .
                0x000000002000027c                __bss_end__ = _ebss

._user_heap_stack
                0x000000002000027c      0x604 load address 0x0000000008005f88
                0x0000000020000280                . = ALIGN (0x8)
 *fill*         0x000000002000027c        0x4 
                [!provide]                        PROVIDE (end = .)
                0x0000000020000280                PROVIDE (_end = .)
                0x0000000020000480                . = (. + _Min_Heap_Size)
 *fill*         0x0000000020000280      0x200 
                0x0000000020000880                . = (. + _Min_Stack_Size)
 *fill*         0x0000000020000480      0x400 
                0x0000000020000880                . = ALIGN (0x8)

/DISCARD/
 libc.a(*)
 libm.a(*)
 libgcc.a(*)

.ARM.attributes
                0x0000000000000000       0x29
 *(.ARM.attributes)
 .ARM.attributes
                0x0000000000000000       0x1d d:/learningsoftware/stm32cubeide/stm32cubeide/stm32cubeide/plugins/com.st.stm32cube.ide.mcu.externaltools.gnu-tools-for-stm32.7-2018-q2-update.win32_1.4.0.202007081208/tools/bin/../lib/gcc/arm-none-eabi/7.3.1/thumb/v7-m/crti.o
 .ARM.attributes
                0x000000000000001d       0x2d d:/learningsoftware/stm32cubeide/stm32cubeide/stm32cubeide/plugins/com.st.stm32cube.ide.mcu.externaltools.gnu-tools-for-stm32.7-2018-q2-update.win32_1.4.0.202007081208/tools/bin/../lib/gcc/arm-none-eabi/7.3.1/thumb/v7-m/crtbegin.o
 .ARM.attributes
                0x000000000000004a       0x33 Core/Src/adc.o
 .ARM.attributes
                0x000000000000007d       0x33 Core/Src/dma.o
 .ARM.attributes
                0x00000000000000b0       0x33 Core/Src/gpio.o
 .ARM.attributes
                0x00000000000000e3       0x33 Core/Src/iwdg.o
 .ARM.attributes
                0x0000000000000116       0x33 Core/Src/main.o
 .ARM.attributes
                0x0000000000000149       0x33 Core/Src/myDebug.o
 .ARM.attributes
                0x000000000000017c       0x33 Core/Src/retarget.o
 .ARM.attributes
                0x00000000000001af       0x33 Core/Src/rtc.o
 .ARM.attributes
                0x00000000000001e2       0x33 Core/Src/stm32f1xx_hal_msp.o
 .ARM.attributes
                0x0000000000000215       0x33 Core/Src/stm32f1xx_hal_timebase_tim.o
 .ARM.attributes
                0x0000000000000248       0x33 Core/Src/stm32f1xx_it.o
 .ARM.attributes
                0x000000000000027b       0x33 Core/Src/sysmem.o
 .ARM.attributes
                0x00000000000002ae       0x33 Core/Src/system_stm32f1xx.o
 .ARM.attributes
                0x00000000000002e1       0x33 Core/Src/tim.o
 .ARM.attributes
                0x0000000000000314       0x33 Core/Src/usart.o
 .ARM.attributes
                0x0000000000000347       0x21 Core/Startup/startup_stm32f103c8tx.o
 .ARM.attributes
                0x0000000000000368       0x33 Drivers/STM32F1xx_HAL_Driver/Src/stm32f1xx_hal.o
 .ARM.attributes
                0x000000000000039b       0x33 Drivers/STM32F1xx_HAL_Driver/Src/stm32f1xx_hal_adc.o
 .ARM.attributes
                0x00000000000003ce       0x33 Drivers/STM32F1xx_HAL_Driver/Src/stm32f1xx_hal_cortex.o
 .ARM.attributes
                0x0000000000000401       0x33 Drivers/STM32F1xx_HAL_Driver/Src/stm32f1xx_hal_dma.o
 .ARM.attributes
                0x0000000000000434       0x33 Drivers/STM32F1xx_HAL_Driver/Src/stm32f1xx_hal_flash.o
 .ARM.attributes
                0x0000000000000467       0x33 Drivers/STM32F1xx_HAL_Driver/Src/stm32f1xx_hal_flash_ex.o
 .ARM.attributes
                0x000000000000049a       0x33 Drivers/STM32F1xx_HAL_Driver/Src/stm32f1xx_hal_gpio.o
 .ARM.attributes
                0x00000000000004cd       0x33 Drivers/STM32F1xx_HAL_Driver/Src/stm32f1xx_hal_iwdg.o
 .ARM.attributes
                0x0000000000000500       0x33 Drivers/STM32F1xx_HAL_Driver/Src/stm32f1xx_hal_pwr.o
 .ARM.attributes
                0x0000000000000533       0x33 Drivers/STM32F1xx_HAL_Driver/Src/stm32f1xx_hal_rcc.o
 .ARM.attributes
                0x0000000000000566       0x33 Drivers/STM32F1xx_HAL_Driver/Src/stm32f1xx_hal_rcc_ex.o
 .ARM.attributes
                0x0000000000000599       0x33 Drivers/STM32F1xx_HAL_Driver/Src/stm32f1xx_hal_rtc_ex.o
 .ARM.attributes
                0x00000000000005cc       0x33 Drivers/STM32F1xx_HAL_Driver/Src/stm32f1xx_hal_tim.o
 .ARM.attributes
                0x00000000000005ff       0x33 Drivers/STM32F1xx_HAL_Driver/Src/stm32f1xx_hal_tim_ex.o
 .ARM.attributes
                0x0000000000000632       0x33 Drivers/STM32F1xx_HAL_Driver/Src/stm32f1xx_hal_uart.o
 .ARM.attributes
                0x0000000000000665       0x2d d:/learningsoftware/stm32cubeide/stm32cubeide/stm32cubeide/plugins/com.st.stm32cube.ide.mcu.externaltools.gnu-tools-for-stm32.7-2018-q2-update.win32_1.4.0.202007081208/tools/bin/../lib/gcc/arm-none-eabi/7.3.1/../../../../arm-none-eabi/lib/thumb/v7-m\libc_nano.a(lib_a-errno.o)
 .ARM.attributes
                0x0000000000000692       0x2d d:/learningsoftware/stm32cubeide/stm32cubeide/stm32cubeide/plugins/com.st.stm32cube.ide.mcu.externaltools.gnu-tools-for-stm32.7-2018-q2-update.win32_1.4.0.202007081208/tools/bin/../lib/gcc/arm-none-eabi/7.3.1/../../../../arm-none-eabi/lib/thumb/v7-m\libc_nano.a(lib_a-impure.o)
 .ARM.attributes
                0x00000000000006bf       0x2d d:/learningsoftware/stm32cubeide/stm32cubeide/stm32cubeide/plugins/com.st.stm32cube.ide.mcu.externaltools.gnu-tools-for-stm32.7-2018-q2-update.win32_1.4.0.202007081208/tools/bin/../lib/gcc/arm-none-eabi/7.3.1/../../../../arm-none-eabi/lib/thumb/v7-m\libc_nano.a(lib_a-init.o)
 .ARM.attributes
                0x00000000000006ec       0x2d d:/learningsoftware/stm32cubeide/stm32cubeide/stm32cubeide/plugins/com.st.stm32cube.ide.mcu.externaltools.gnu-tools-for-stm32.7-2018-q2-update.win32_1.4.0.202007081208/tools/bin/../lib/gcc/arm-none-eabi/7.3.1/../../../../arm-none-eabi/lib/thumb/v7-m\libc_nano.a(lib_a-memset.o)
 .ARM.attributes
                0x0000000000000719       0x2d d:/learningsoftware/stm32cubeide/stm32cubeide/stm32cubeide/plugins/com.st.stm32cube.ide.mcu.externaltools.gnu-tools-for-stm32.7-2018-q2-update.win32_1.4.0.202007081208/tools/bin/../lib/gcc/arm-none-eabi/7.3.1/../../../../arm-none-eabi/lib/thumb/v7-m\libc_nano.a(lib_a-printf.o)
 .ARM.attributes
                0x0000000000000746       0x2d d:/learningsoftware/stm32cubeide/stm32cubeide/stm32cubeide/plugins/com.st.stm32cube.ide.mcu.externaltools.gnu-tools-for-stm32.7-2018-q2-update.win32_1.4.0.202007081208/tools/bin/../lib/gcc/arm-none-eabi/7.3.1/../../../../arm-none-eabi/lib/thumb/v7-m\libc_nano.a(lib_a-puts.o)
 .ARM.attributes
                0x0000000000000773       0x2d d:/learningsoftware/stm32cubeide/stm32cubeide/stm32cubeide/plugins/com.st.stm32cube.ide.mcu.externaltools.gnu-tools-for-stm32.7-2018-q2-update.win32_1.4.0.202007081208/tools/bin/../lib/gcc/arm-none-eabi/7.3.1/../../../../arm-none-eabi/lib/thumb/v7-m\libc_nano.a(lib_a-setvbuf.o)
 .ARM.attributes
                0x00000000000007a0       0x2d d:/learningsoftware/stm32cubeide/stm32cubeide/stm32cubeide/plugins/com.st.stm32cube.ide.mcu.externaltools.gnu-tools-for-stm32.7-2018-q2-update.win32_1.4.0.202007081208/tools/bin/../lib/gcc/arm-none-eabi/7.3.1/../../../../arm-none-eabi/lib/thumb/v7-m\libc_nano.a(lib_a-wbuf.o)
 .ARM.attributes
                0x00000000000007cd       0x2d d:/learningsoftware/stm32cubeide/stm32cubeide/stm32cubeide/plugins/com.st.stm32cube.ide.mcu.externaltools.gnu-tools-for-stm32.7-2018-q2-update.win32_1.4.0.202007081208/tools/bin/../lib/gcc/arm-none-eabi/7.3.1/../../../../arm-none-eabi/lib/thumb/v7-m\libc_nano.a(lib_a-wsetup.o)
 .ARM.attributes
                0x00000000000007fa       0x2d d:/learningsoftware/stm32cubeide/stm32cubeide/stm32cubeide/plugins/com.st.stm32cube.ide.mcu.externaltools.gnu-tools-for-stm32.7-2018-q2-update.win32_1.4.0.202007081208/tools/bin/../lib/gcc/arm-none-eabi/7.3.1/../../../../arm-none-eabi/lib/thumb/v7-m\libc_nano.a(lib_a-fflush.o)
 .ARM.attributes
                0x0000000000000827       0x2d d:/learningsoftware/stm32cubeide/stm32cubeide/stm32cubeide/plugins/com.st.stm32cube.ide.mcu.externaltools.gnu-tools-for-stm32.7-2018-q2-update.win32_1.4.0.202007081208/tools/bin/../lib/gcc/arm-none-eabi/7.3.1/../../../../arm-none-eabi/lib/thumb/v7-m\libc_nano.a(lib_a-findfp.o)
 .ARM.attributes
                0x0000000000000854       0x2d d:/learningsoftware/stm32cubeide/stm32cubeide/stm32cubeide/plugins/com.st.stm32cube.ide.mcu.externaltools.gnu-tools-for-stm32.7-2018-q2-update.win32_1.4.0.202007081208/tools/bin/../lib/gcc/arm-none-eabi/7.3.1/../../../../arm-none-eabi/lib/thumb/v7-m\libc_nano.a(lib_a-fwalk.o)
 .ARM.attributes
                0x0000000000000881       0x2d d:/learningsoftware/stm32cubeide/stm32cubeide/stm32cubeide/plugins/com.st.stm32cube.ide.mcu.externaltools.gnu-tools-for-stm32.7-2018-q2-update.win32_1.4.0.202007081208/tools/bin/../lib/gcc/arm-none-eabi/7.3.1/../../../../arm-none-eabi/lib/thumb/v7-m\libc_nano.a(lib_a-makebuf.o)
 .ARM.attributes
                0x00000000000008ae       0x2d d:/learningsoftware/stm32cubeide/stm32cubeide/stm32cubeide/plugins/com.st.stm32cube.ide.mcu.externaltools.gnu-tools-for-stm32.7-2018-q2-update.win32_1.4.0.202007081208/tools/bin/../lib/gcc/arm-none-eabi/7.3.1/../../../../arm-none-eabi/lib/thumb/v7-m\libc_nano.a(lib_a-malloc.o)
 .ARM.attributes
                0x00000000000008db       0x2d d:/learningsoftware/stm32cubeide/stm32cubeide/stm32cubeide/plugins/com.st.stm32cube.ide.mcu.externaltools.gnu-tools-for-stm32.7-2018-q2-update.win32_1.4.0.202007081208/tools/bin/../lib/gcc/arm-none-eabi/7.3.1/../../../../arm-none-eabi/lib/thumb/v7-m\libc_nano.a(lib_a-nano-freer.o)
 .ARM.attributes
                0x0000000000000908       0x2d d:/learningsoftware/stm32cubeide/stm32cubeide/stm32cubeide/plugins/com.st.stm32cube.ide.mcu.externaltools.gnu-tools-for-stm32.7-2018-q2-update.win32_1.4.0.202007081208/tools/bin/../lib/gcc/arm-none-eabi/7.3.1/../../../../arm-none-eabi/lib/thumb/v7-m\libc_nano.a(lib_a-nano-mallocr.o)
 .ARM.attributes
                0x0000000000000935       0x2d d:/learningsoftware/stm32cubeide/stm32cubeide/stm32cubeide/plugins/com.st.stm32cube.ide.mcu.externaltools.gnu-tools-for-stm32.7-2018-q2-update.win32_1.4.0.202007081208/tools/bin/../lib/gcc/arm-none-eabi/7.3.1/../../../../arm-none-eabi/lib/thumb/v7-m\libc_nano.a(lib_a-nano-vfprintf.o)
 .ARM.attributes
                0x0000000000000962       0x2d d:/learningsoftware/stm32cubeide/stm32cubeide/stm32cubeide/plugins/com.st.stm32cube.ide.mcu.externaltools.gnu-tools-for-stm32.7-2018-q2-update.win32_1.4.0.202007081208/tools/bin/../lib/gcc/arm-none-eabi/7.3.1/../../../../arm-none-eabi/lib/thumb/v7-m\libc_nano.a(lib_a-nano-vfprintf_i.o)
 .ARM.attributes
                0x000000000000098f       0x2d d:/learningsoftware/stm32cubeide/stm32cubeide/stm32cubeide/plugins/com.st.stm32cube.ide.mcu.externaltools.gnu-tools-for-stm32.7-2018-q2-update.win32_1.4.0.202007081208/tools/bin/../lib/gcc/arm-none-eabi/7.3.1/../../../../arm-none-eabi/lib/thumb/v7-m\libc_nano.a(lib_a-sbrkr.o)
 .ARM.attributes
                0x00000000000009bc       0x2d d:/learningsoftware/stm32cubeide/stm32cubeide/stm32cubeide/plugins/com.st.stm32cube.ide.mcu.externaltools.gnu-tools-for-stm32.7-2018-q2-update.win32_1.4.0.202007081208/tools/bin/../lib/gcc/arm-none-eabi/7.3.1/../../../../arm-none-eabi/lib/thumb/v7-m\libc_nano.a(lib_a-stdio.o)
 .ARM.attributes
                0x00000000000009e9       0x2d d:/learningsoftware/stm32cubeide/stm32cubeide/stm32cubeide/plugins/com.st.stm32cube.ide.mcu.externaltools.gnu-tools-for-stm32.7-2018-q2-update.win32_1.4.0.202007081208/tools/bin/../lib/gcc/arm-none-eabi/7.3.1/../../../../arm-none-eabi/lib/thumb/v7-m\libc_nano.a(lib_a-writer.o)
 .ARM.attributes
                0x0000000000000a16       0x2d d:/learningsoftware/stm32cubeide/stm32cubeide/stm32cubeide/plugins/com.st.stm32cube.ide.mcu.externaltools.gnu-tools-for-stm32.7-2018-q2-update.win32_1.4.0.202007081208/tools/bin/../lib/gcc/arm-none-eabi/7.3.1/../../../../arm-none-eabi/lib/thumb/v7-m\libc_nano.a(lib_a-closer.o)
 .ARM.attributes
                0x0000000000000a43       0x2d d:/learningsoftware/stm32cubeide/stm32cubeide/stm32cubeide/plugins/com.st.stm32cube.ide.mcu.externaltools.gnu-tools-for-stm32.7-2018-q2-update.win32_1.4.0.202007081208/tools/bin/../lib/gcc/arm-none-eabi/7.3.1/../../../../arm-none-eabi/lib/thumb/v7-m\libc_nano.a(lib_a-fstatr.o)
 .ARM.attributes
                0x0000000000000a70       0x2d d:/learningsoftware/stm32cubeide/stm32cubeide/stm32cubeide/plugins/com.st.stm32cube.ide.mcu.externaltools.gnu-tools-for-stm32.7-2018-q2-update.win32_1.4.0.202007081208/tools/bin/../lib/gcc/arm-none-eabi/7.3.1/../../../../arm-none-eabi/lib/thumb/v7-m\libc_nano.a(lib_a-isattyr.o)
 .ARM.attributes
                0x0000000000000a9d       0x2d d:/learningsoftware/stm32cubeide/stm32cubeide/stm32cubeide/plugins/com.st.stm32cube.ide.mcu.externaltools.gnu-tools-for-stm32.7-2018-q2-update.win32_1.4.0.202007081208/tools/bin/../lib/gcc/arm-none-eabi/7.3.1/../../../../arm-none-eabi/lib/thumb/v7-m\libc_nano.a(lib_a-lseekr.o)
 .ARM.attributes
                0x0000000000000aca       0x2d d:/learningsoftware/stm32cubeide/stm32cubeide/stm32cubeide/plugins/com.st.stm32cube.ide.mcu.externaltools.gnu-tools-for-stm32.7-2018-q2-update.win32_1.4.0.202007081208/tools/bin/../lib/gcc/arm-none-eabi/7.3.1/../../../../arm-none-eabi/lib/thumb/v7-m\libc_nano.a(lib_a-memchr-stub.o)
 .ARM.attributes
                0x0000000000000af7       0x2d d:/learningsoftware/stm32cubeide/stm32cubeide/stm32cubeide/plugins/com.st.stm32cube.ide.mcu.externaltools.gnu-tools-for-stm32.7-2018-q2-update.win32_1.4.0.202007081208/tools/bin/../lib/gcc/arm-none-eabi/7.3.1/../../../../arm-none-eabi/lib/thumb/v7-m\libc_nano.a(lib_a-mlock.o)
 .ARM.attributes
                0x0000000000000b24       0x2d d:/learningsoftware/stm32cubeide/stm32cubeide/stm32cubeide/plugins/com.st.stm32cube.ide.mcu.externaltools.gnu-tools-for-stm32.7-2018-q2-update.win32_1.4.0.202007081208/tools/bin/../lib/gcc/arm-none-eabi/7.3.1/../../../../arm-none-eabi/lib/thumb/v7-m\libc_nano.a(lib_a-readr.o)
 .ARM.attributes
                0x0000000000000b51       0x2d d:/learningsoftware/stm32cubeide/stm32cubeide/stm32cubeide/plugins/com.st.stm32cube.ide.mcu.externaltools.gnu-tools-for-stm32.7-2018-q2-update.win32_1.4.0.202007081208/tools/bin/../lib/gcc/arm-none-eabi/7.3.1/../../../../arm-none-eabi/lib/thumb/v7-m\libc_nano.a(lib_a-reent.o)
 .ARM.attributes
                0x0000000000000b7e       0x1d d:/learningsoftware/stm32cubeide/stm32cubeide/stm32cubeide/plugins/com.st.stm32cube.ide.mcu.externaltools.gnu-tools-for-stm32.7-2018-q2-update.win32_1.4.0.202007081208/tools/bin/../lib/gcc/arm-none-eabi/7.3.1/thumb/v7-m\libgcc.a(_arm_addsubsf3.o)
 .ARM.attributes
                0x0000000000000b9b       0x1d d:/learningsoftware/stm32cubeide/stm32cubeide/stm32cubeide/plugins/com.st.stm32cube.ide.mcu.externaltools.gnu-tools-for-stm32.7-2018-q2-update.win32_1.4.0.202007081208/tools/bin/../lib/gcc/arm-none-eabi/7.3.1/thumb/v7-m\libgcc.a(_arm_muldivsf3.o)
 .ARM.attributes
                0x0000000000000bb8       0x1d d:/learningsoftware/stm32cubeide/stm32cubeide/stm32cubeide/plugins/com.st.stm32cube.ide.mcu.externaltools.gnu-tools-for-stm32.7-2018-q2-update.win32_1.4.0.202007081208/tools/bin/../lib/gcc/arm-none-eabi/7.3.1/thumb/v7-m\libgcc.a(_arm_fixsfsi.o)
 .ARM.attributes
                0x0000000000000bd5       0x1d d:/learningsoftware/stm32cubeide/stm32cubeide/stm32cubeide/plugins/com.st.stm32cube.ide.mcu.externaltools.gnu-tools-for-stm32.7-2018-q2-update.win32_1.4.0.202007081208/tools/bin/../lib/gcc/arm-none-eabi/7.3.1/thumb/v7-m/crtn.o
OUTPUT([PWM]Motor_Control.elf elf32-littlearm)

.debug_info     0x0000000000000000    0x128bc
 .debug_info    0x0000000000000000      0x7ff Core/Src/adc.o
 .debug_info    0x00000000000007ff      0x36d Core/Src/dma.o
 .debug_info    0x0000000000000b6c      0x4b4 Core/Src/gpio.o
 .debug_info    0x0000000000001020      0x25a Core/Src/iwdg.o
 .debug_info    0x000000000000127a     0x18bd Core/Src/main.o
 .debug_info    0x0000000000002b37     0x112c Core/Src/myDebug.o
 .debug_info    0x0000000000003c63     0x118e Core/Src/retarget.o
 .debug_info    0x0000000000004df1      0x626 Core/Src/rtc.o
 .debug_info    0x0000000000005417      0x411 Core/Src/stm32f1xx_hal_msp.o
 .debug_info    0x0000000000005828      0x8e8 Core/Src/stm32f1xx_hal_timebase_tim.o
 .debug_info    0x0000000000006110      0x8b5 Core/Src/stm32f1xx_it.o
 .debug_info    0x00000000000069c5      0x985 Core/Src/sysmem.o
 .debug_info    0x000000000000734a      0x433 Core/Src/system_stm32f1xx.o
 .debug_info    0x000000000000777d      0xa95 Core/Src/tim.o
 .debug_info    0x0000000000008212      0x7a8 Core/Src/usart.o
 .debug_info    0x00000000000089ba       0x22 Core/Startup/startup_stm32f103c8tx.o
 .debug_info    0x00000000000089dc      0x6fe Drivers/STM32F1xx_HAL_Driver/Src/stm32f1xx_hal.o
 .debug_info    0x00000000000090da      0xc61 Drivers/STM32F1xx_HAL_Driver/Src/stm32f1xx_hal_adc.o
 .debug_info    0x0000000000009d3b      0xb46 Drivers/STM32F1xx_HAL_Driver/Src/stm32f1xx_hal_cortex.o
 .debug_info    0x000000000000a881      0x7a6 Drivers/STM32F1xx_HAL_Driver/Src/stm32f1xx_hal_dma.o
 .debug_info    0x000000000000b027      0x599 Drivers/STM32F1xx_HAL_Driver/Src/stm32f1xx_hal_flash.o
 .debug_info    0x000000000000b5c0      0x81c Drivers/STM32F1xx_HAL_Driver/Src/stm32f1xx_hal_flash_ex.o
 .debug_info    0x000000000000bddc      0x681 Drivers/STM32F1xx_HAL_Driver/Src/stm32f1xx_hal_gpio.o
 .debug_info    0x000000000000c45d      0x2b6 Drivers/STM32F1xx_HAL_Driver/Src/stm32f1xx_hal_iwdg.o
 .debug_info    0x000000000000c713      0x6d7 Drivers/STM32F1xx_HAL_Driver/Src/stm32f1xx_hal_pwr.o
 .debug_info    0x000000000000cdea      0x804 Drivers/STM32F1xx_HAL_Driver/Src/stm32f1xx_hal_rcc.o
 .debug_info    0x000000000000d5ee      0x439 Drivers/STM32F1xx_HAL_Driver/Src/stm32f1xx_hal_rcc_ex.o
 .debug_info    0x000000000000da27      0x758 Drivers/STM32F1xx_HAL_Driver/Src/stm32f1xx_hal_rtc_ex.o
 .debug_info    0x000000000000e17f     0x2456 Drivers/STM32F1xx_HAL_Driver/Src/stm32f1xx_hal_tim.o
 .debug_info    0x00000000000105d5     0x1104 Drivers/STM32F1xx_HAL_Driver/Src/stm32f1xx_hal_tim_ex.o
 .debug_info    0x00000000000116d9     0x11e3 Drivers/STM32F1xx_HAL_Driver/Src/stm32f1xx_hal_uart.o

.debug_abbrev   0x0000000000000000     0x3534
 .debug_abbrev  0x0000000000000000      0x1aa Core/Src/adc.o
 .debug_abbrev  0x00000000000001aa      0x107 Core/Src/dma.o
 .debug_abbrev  0x00000000000002b1      0x13d Core/Src/gpio.o
 .debug_abbrev  0x00000000000003ee      0x109 Core/Src/iwdg.o
 .debug_abbrev  0x00000000000004f7      0x25e Core/Src/main.o
 .debug_abbrev  0x0000000000000755      0x21a Core/Src/myDebug.o
 .debug_abbrev  0x000000000000096f      0x201 Core/Src/retarget.o
 .debug_abbrev  0x0000000000000b70      0x162 Core/Src/rtc.o
 .debug_abbrev  0x0000000000000cd2      0x112 Core/Src/stm32f1xx_hal_msp.o
 .debug_abbrev  0x0000000000000de4      0x19d Core/Src/stm32f1xx_hal_timebase_tim.o
 .debug_abbrev  0x0000000000000f81      0x172 Core/Src/stm32f1xx_it.o
 .debug_abbrev  0x00000000000010f3      0x19b Core/Src/sysmem.o
 .debug_abbrev  0x000000000000128e      0x134 Core/Src/system_stm32f1xx.o
 .debug_abbrev  0x00000000000013c2      0x1c4 Core/Src/tim.o
 .debug_abbrev  0x0000000000001586      0x199 Core/Src/usart.o
 .debug_abbrev  0x000000000000171f       0x12 Core/Startup/startup_stm32f103c8tx.o
 .debug_abbrev  0x0000000000001731      0x1d8 Drivers/STM32F1xx_HAL_Driver/Src/stm32f1xx_hal.o
 .debug_abbrev  0x0000000000001909      0x1d5 Drivers/STM32F1xx_HAL_Driver/Src/stm32f1xx_hal_adc.o
 .debug_abbrev  0x0000000000001ade      0x2d5 Drivers/STM32F1xx_HAL_Driver/Src/stm32f1xx_hal_cortex.o
 .debug_abbrev  0x0000000000001db3      0x1fe Drivers/STM32F1xx_HAL_Driver/Src/stm32f1xx_hal_dma.o
 .debug_abbrev  0x0000000000001fb1      0x210 Drivers/STM32F1xx_HAL_Driver/Src/stm32f1xx_hal_flash.o
 .debug_abbrev  0x00000000000021c1      0x21b Drivers/STM32F1xx_HAL_Driver/Src/stm32f1xx_hal_flash_ex.o
 .debug_abbrev  0x00000000000023dc      0x1c0 Drivers/STM32F1xx_HAL_Driver/Src/stm32f1xx_hal_gpio.o
 .debug_abbrev  0x000000000000259c      0x141 Drivers/STM32F1xx_HAL_Driver/Src/stm32f1xx_hal_iwdg.o
 .debug_abbrev  0x00000000000026dd      0x1f2 Drivers/STM32F1xx_HAL_Driver/Src/stm32f1xx_hal_pwr.o
 .debug_abbrev  0x00000000000028cf      0x243 Drivers/STM32F1xx_HAL_Driver/Src/stm32f1xx_hal_rcc.o
 .debug_abbrev  0x0000000000002b12      0x175 Drivers/STM32F1xx_HAL_Driver/Src/stm32f1xx_hal_rcc_ex.o
 .debug_abbrev  0x0000000000002c87      0x21d Drivers/STM32F1xx_HAL_Driver/Src/stm32f1xx_hal_rtc_ex.o
 .debug_abbrev  0x0000000000002ea4      0x230 Drivers/STM32F1xx_HAL_Driver/Src/stm32f1xx_hal_tim.o
 .debug_abbrev  0x00000000000030d4      0x21e Drivers/STM32F1xx_HAL_Driver/Src/stm32f1xx_hal_tim_ex.o
 .debug_abbrev  0x00000000000032f2      0x242 Drivers/STM32F1xx_HAL_Driver/Src/stm32f1xx_hal_uart.o

.debug_aranges  0x0000000000000000     0x1120
 .debug_aranges
                0x0000000000000000       0x30 Core/Src/adc.o
 .debug_aranges
                0x0000000000000030       0x20 Core/Src/dma.o
 .debug_aranges
                0x0000000000000050       0x20 Core/Src/gpio.o
 .debug_aranges
                0x0000000000000070       0x20 Core/Src/iwdg.o
 .debug_aranges
                0x0000000000000090       0x50 Core/Src/main.o
 .debug_aranges
                0x00000000000000e0       0x48 Core/Src/myDebug.o
 .debug_aranges
                0x0000000000000128       0x50 Core/Src/retarget.o
 .debug_aranges
                0x0000000000000178       0x30 Core/Src/rtc.o
 .debug_aranges
                0x00000000000001a8       0x20 Core/Src/stm32f1xx_hal_msp.o
 .debug_aranges
                0x00000000000001c8       0x30 Core/Src/stm32f1xx_hal_timebase_tim.o
 .debug_aranges
                0x00000000000001f8       0x90 Core/Src/stm32f1xx_it.o
 .debug_aranges
                0x0000000000000288       0x20 Core/Src/sysmem.o
 .debug_aranges
                0x00000000000002a8       0x28 Core/Src/system_stm32f1xx.o
 .debug_aranges
                0x00000000000002d0       0x50 Core/Src/tim.o
 .debug_aranges
                0x0000000000000320       0x30 Core/Src/usart.o
 .debug_aranges
                0x0000000000000350       0x28 Core/Startup/startup_stm32f103c8tx.o
 .debug_aranges
                0x0000000000000378       0xe0 Drivers/STM32F1xx_HAL_Driver/Src/stm32f1xx_hal.o
 .debug_aranges
                0x0000000000000458       0xf0 Drivers/STM32F1xx_HAL_Driver/Src/stm32f1xx_hal_adc.o
 .debug_aranges
                0x0000000000000548      0x100 Drivers/STM32F1xx_HAL_Driver/Src/stm32f1xx_hal_cortex.o
 .debug_aranges
                0x0000000000000648       0x80 Drivers/STM32F1xx_HAL_Driver/Src/stm32f1xx_hal_dma.o
 .debug_aranges
                0x00000000000006c8       0x88 Drivers/STM32F1xx_HAL_Driver/Src/stm32f1xx_hal_flash.o
 .debug_aranges
                0x0000000000000750       0x98 Drivers/STM32F1xx_HAL_Driver/Src/stm32f1xx_hal_flash_ex.o
 .debug_aranges
                0x00000000000007e8       0x58 Drivers/STM32F1xx_HAL_Driver/Src/stm32f1xx_hal_gpio.o
 .debug_aranges
                0x0000000000000840       0x28 Drivers/STM32F1xx_HAL_Driver/Src/stm32f1xx_hal_iwdg.o
 .debug_aranges
                0x0000000000000868       0xa8 Drivers/STM32F1xx_HAL_Driver/Src/stm32f1xx_hal_pwr.o
 .debug_aranges
                0x0000000000000910       0x90 Drivers/STM32F1xx_HAL_Driver/Src/stm32f1xx_hal_rcc.o
 .debug_aranges
                0x00000000000009a0       0x30 Drivers/STM32F1xx_HAL_Driver/Src/stm32f1xx_hal_rcc_ex.o
 .debug_aranges
                0x00000000000009d0       0x88 Drivers/STM32F1xx_HAL_Driver/Src/stm32f1xx_hal_rtc_ex.o
 .debug_aranges
                0x0000000000000a58      0x3a8 Drivers/STM32F1xx_HAL_Driver/Src/stm32f1xx_hal_tim.o
 .debug_aranges
                0x0000000000000e00      0x150 Drivers/STM32F1xx_HAL_Driver/Src/stm32f1xx_hal_tim_ex.o
 .debug_aranges
                0x0000000000000f50      0x1d0 Drivers/STM32F1xx_HAL_Driver/Src/stm32f1xx_hal_uart.o

.debug_ranges   0x0000000000000000      0xf80
 .debug_ranges  0x0000000000000000       0x20 Core/Src/adc.o
 .debug_ranges  0x0000000000000020       0x10 Core/Src/dma.o
 .debug_ranges  0x0000000000000030       0x10 Core/Src/gpio.o
 .debug_ranges  0x0000000000000040       0x10 Core/Src/iwdg.o
 .debug_ranges  0x0000000000000050       0x88 Core/Src/main.o
 .debug_ranges  0x00000000000000d8       0x38 Core/Src/myDebug.o
 .debug_ranges  0x0000000000000110       0x40 Core/Src/retarget.o
 .debug_ranges  0x0000000000000150       0x20 Core/Src/rtc.o
 .debug_ranges  0x0000000000000170       0x10 Core/Src/stm32f1xx_hal_msp.o
 .debug_ranges  0x0000000000000180       0x20 Core/Src/stm32f1xx_hal_timebase_tim.o
 .debug_ranges  0x00000000000001a0       0x80 Core/Src/stm32f1xx_it.o
 .debug_ranges  0x0000000000000220       0x10 Core/Src/sysmem.o
 .debug_ranges  0x0000000000000230       0x18 Core/Src/system_stm32f1xx.o
 .debug_ranges  0x0000000000000248       0x40 Core/Src/tim.o
 .debug_ranges  0x0000000000000288       0x20 Core/Src/usart.o
 .debug_ranges  0x00000000000002a8       0x20 Core/Startup/startup_stm32f103c8tx.o
 .debug_ranges  0x00000000000002c8       0xd0 Drivers/STM32F1xx_HAL_Driver/Src/stm32f1xx_hal.o
 .debug_ranges  0x0000000000000398       0xe0 Drivers/STM32F1xx_HAL_Driver/Src/stm32f1xx_hal_adc.o
 .debug_ranges  0x0000000000000478       0xf0 Drivers/STM32F1xx_HAL_Driver/Src/stm32f1xx_hal_cortex.o
 .debug_ranges  0x0000000000000568       0x70 Drivers/STM32F1xx_HAL_Driver/Src/stm32f1xx_hal_dma.o
 .debug_ranges  0x00000000000005d8       0x78 Drivers/STM32F1xx_HAL_Driver/Src/stm32f1xx_hal_flash.o
 .debug_ranges  0x0000000000000650       0x88 Drivers/STM32F1xx_HAL_Driver/Src/stm32f1xx_hal_flash_ex.o
 .debug_ranges  0x00000000000006d8       0x48 Drivers/STM32F1xx_HAL_Driver/Src/stm32f1xx_hal_gpio.o
 .debug_ranges  0x0000000000000720       0x18 Drivers/STM32F1xx_HAL_Driver/Src/stm32f1xx_hal_iwdg.o
 .debug_ranges  0x0000000000000738       0x98 Drivers/STM32F1xx_HAL_Driver/Src/stm32f1xx_hal_pwr.o
 .debug_ranges  0x00000000000007d0       0x80 Drivers/STM32F1xx_HAL_Driver/Src/stm32f1xx_hal_rcc.o
 .debug_ranges  0x0000000000000850       0x20 Drivers/STM32F1xx_HAL_Driver/Src/stm32f1xx_hal_rcc_ex.o
 .debug_ranges  0x0000000000000870       0x78 Drivers/STM32F1xx_HAL_Driver/Src/stm32f1xx_hal_rtc_ex.o
 .debug_ranges  0x00000000000008e8      0x398 Drivers/STM32F1xx_HAL_Driver/Src/stm32f1xx_hal_tim.o
 .debug_ranges  0x0000000000000c80      0x140 Drivers/STM32F1xx_HAL_Driver/Src/stm32f1xx_hal_tim_ex.o
 .debug_ranges  0x0000000000000dc0      0x1c0 Drivers/STM32F1xx_HAL_Driver/Src/stm32f1xx_hal_uart.o

.debug_macro    0x0000000000000000    0x186cf
 .debug_macro   0x0000000000000000      0x1e5 Core/Src/adc.o
 .debug_macro   0x00000000000001e5      0xa5a Core/Src/adc.o
 .debug_macro   0x0000000000000c3f      0x233 Core/Src/adc.o
 .debug_macro   0x0000000000000e72       0x2e Core/Src/adc.o
 .debug_macro   0x0000000000000ea0       0x22 Core/Src/adc.o
 .debug_macro   0x0000000000000ec2       0x22 Core/Src/adc.o
 .debug_macro   0x0000000000000ee4       0x8e Core/Src/adc.o
 .debug_macro   0x0000000000000f72       0x51 Core/Src/adc.o
 .debug_macro   0x0000000000000fc3       0xef Core/Src/adc.o
 .debug_macro   0x00000000000010b2       0x6a Core/Src/adc.o
 .debug_macro   0x000000000000111c      0x1df Core/Src/adc.o
 .debug_macro   0x00000000000012fb       0x1c Core/Src/adc.o
 .debug_macro   0x0000000000001317       0x22 Core/Src/adc.o
 .debug_macro   0x0000000000001339       0xc3 Core/Src/adc.o
 .debug_macro   0x00000000000013fc      0xd23 Core/Src/adc.o
 .debug_macro   0x000000000000211f     0xe09e Core/Src/adc.o
 .debug_macro   0x00000000000101bd       0x43 Core/Src/adc.o
 .debug_macro   0x0000000000010200      0x174 Core/Src/adc.o
 .debug_macro   0x0000000000010374       0x5a Core/Src/adc.o
 .debug_macro   0x00000000000103ce      0x5be Core/Src/adc.o
 .debug_macro   0x000000000001098c      0x289 Core/Src/adc.o
 .debug_macro   0x0000000000010c15      0x1cb Core/Src/adc.o
 .debug_macro   0x0000000000010de0      0x114 Core/Src/adc.o
 .debug_macro   0x0000000000010ef4      0x1b2 Core/Src/adc.o
 .debug_macro   0x00000000000110a6       0x27 Core/Src/adc.o
 .debug_macro   0x00000000000110cd      0x136 Core/Src/adc.o
 .debug_macro   0x0000000000011203      0x1bc Core/Src/adc.o
 .debug_macro   0x00000000000113bf       0x34 Core/Src/adc.o
 .debug_macro   0x00000000000113f3       0x3c Core/Src/adc.o
 .debug_macro   0x000000000001142f       0x57 Core/Src/adc.o
 .debug_macro   0x0000000000011486      0x46a Core/Src/adc.o
 .debug_macro   0x00000000000118f0      0x1b5 Core/Src/adc.o
 .debug_macro   0x0000000000011aa5       0x88 Core/Src/adc.o
 .debug_macro   0x0000000000011b2d      0x241 Core/Src/adc.o
 .debug_macro   0x0000000000011d6e       0x78 Core/Src/adc.o
 .debug_macro   0x0000000000011de6      0x141 Core/Src/adc.o
 .debug_macro   0x0000000000011f27      0x1ef Core/Src/adc.o
 .debug_macro   0x0000000000012116       0xec Core/Src/adc.o
 .debug_macro   0x0000000000012202      0x88b Core/Src/adc.o
 .debug_macro   0x0000000000012a8d      0x26b Core/Src/adc.o
 .debug_macro   0x0000000000012cf8       0x83 Core/Src/adc.o
 .debug_macro   0x0000000000012d7b       0x8e Core/Src/adc.o
 .debug_macro   0x0000000000012e09      0x1e5 Core/Src/dma.o